 daemon_cl

 Timestamp is 5047f856 (Wed Sep 05 18:11:50 2012)

 Preferred load address is 0000000140000000

 Start         Length     Name                   Class
 0001:00000000 00009f5eH .text                   CODE
 0001:00009f60 0000040cH .text$x                 CODE
 0001:0000a370 000000b2H .text$yc                CODE
 0001:0000a430 0000005fH .text$yd                CODE
 0002:00000000 00000328H .idata$5                DATA
 0002:00000328 00000008H .CRT$XCA                DATA
 0002:00000330 00000008H .CRT$XCAA               DATA
 0002:00000338 00000018H .CRT$XCU                DATA
 0002:00000350 00000008H .CRT$XCZ                DATA
 0002:00000358 00000008H .CRT$XIA                DATA
 0002:00000360 00000008H .CRT$XIAA               DATA
 0002:00000368 00000008H .CRT$XIY                DATA
 0002:00000370 00000008H .CRT$XIZ                DATA
 0002:00000380 00001020H .rdata                  DATA
 0002:000013a0 0000006cH .rdata$debug            DATA
 0002:00001410 0000113cH .rdata$r                DATA
 0002:00002550 00000008H .rtc$IAA                DATA
 0002:00002558 00000008H .rtc$IZZ                DATA
 0002:00002560 00000008H .rtc$TAA                DATA
 0002:00002568 00000008H .rtc$TZZ                DATA
 0002:00002570 000011e0H .xdata                  DATA
 0002:00003750 00000084H .xdata$x                DATA
 0002:000037d4 00000078H .idata$2                DATA
 0002:0000384c 00000014H .idata$3                DATA
 0002:00003860 00000328H .idata$4                DATA
 0002:00003b88 000006daH .idata$6                DATA
 0002:00004262 00000000H .edata                  DATA
 0003:00000000 00000714H .data                   DATA
 0003:00000720 00000600H .bss                    DATA
 0004:00000000 000009e4H .pdata                  DATA

  Address         Publics by Value              Rva+Base               Lib:Object

 0000:00000000       ___safe_se_handler_count   0000000000000000     <absolute>
 0000:00000000       ___safe_se_handler_table   0000000000000000     <absolute>
 0000:00000000       __ImageBase                0000000140000000     <linker-defined>
 0001:00000000       ??1bad_alloc@std@@UEAA@XZ  0000000140001000 f i avbts_osnet.obj
 0001:00000020       ??_Gbad_alloc@std@@UEAAPEAXI@Z 0000000140001020 f i avbts_osnet.obj
 0001:00000020       ??_Ebad_alloc@std@@UEAAPEAXI@Z 0000000140001020 f i  CIL library: CIL module
 0001:00000060       ??0?$_Tree@V?$_Tmap_traits@Vfactory_name_t@@PEAVOSNetworkInterfaceFactory@@U?$less@Vfactory_name_t@@@std@@V?$allocator@U?$pair@$$CBVfactory_name_t@@PEAVOSNetworkInterfaceFactory@@@std@@@4@$0A@@std@@@std@@QEAA@AEBU?$less@Vfactory_name_t@@@1@AEBV?$allocator@U?$pair@$$CBVfactory_name_t@@PEAVOSNetworkInterfaceFactory@@@std@@@1@@Z 0000000140001060 f i avbts_osnet.obj
 0001:00000100       ??1?$_Tree_val@V?$_Tmap_traits@Vfactory_name_t@@PEAVOSNetworkInterfaceFactory@@U?$less@Vfactory_name_t@@@std@@V?$allocator@U?$pair@$$CBVfactory_name_t@@PEAVOSNetworkInterfaceFactory@@@std@@@4@$0A@@std@@@std@@QEAA@XZ 0000000140001100 f i avbts_osnet.obj
 0001:00000110       ?erase@?$_Tree@V?$_Tmap_traits@Vfactory_name_t@@PEAVOSNetworkInterfaceFactory@@U?$less@Vfactory_name_t@@@std@@V?$allocator@U?$pair@$$CBVfactory_name_t@@PEAVOSNetworkInterfaceFactory@@@std@@@4@$0A@@std@@@std@@QEAA?AV?$_Tree_iterator@V?$_Tree_val@V?$_Tmap_traits@Vfactory_name_t@@PEAVOSNetworkInterfaceFactory@@U?$less@Vfactory_name_t@@@std@@V?$allocator@U?$pair@$$CBVfactory_name_t@@PEAVOSNetworkInterfaceFactory@@@std@@@4@$0A@@std@@@std@@@2@V?$_Tree_const_iterator@V?$_Tree_val@V?$_Tmap_traits@Vfactory_name_t@@PEAVOSNetworkInterfaceFactory@@U?$less@Vfactory_name_t@@@std@@V?$allocator@U?$pair@$$CBVfactory_name_t@@PEAVOSNetworkInterfaceFactory@@@std@@@4@$0A@@std@@@std@@@2@0@Z 0000000140001110 f i avbts_osnet.obj
 0001:000001d0       ?erase@?$_Tree@V?$_Tmap_traits@Vfactory_name_t@@PEAVOSNetworkInterfaceFactory@@U?$less@Vfactory_name_t@@@std@@V?$allocator@U?$pair@$$CBVfactory_name_t@@PEAVOSNetworkInterfaceFactory@@@std@@@4@$0A@@std@@@std@@QEAA?AV?$_Tree_iterator@V?$_Tree_val@V?$_Tmap_traits@Vfactory_name_t@@PEAVOSNetworkInterfaceFactory@@U?$less@Vfactory_name_t@@@std@@V?$allocator@U?$pair@$$CBVfactory_name_t@@PEAVOSNetworkInterfaceFactory@@@std@@@4@$0A@@std@@@std@@@2@V?$_Tree_const_iterator@V?$_Tree_val@V?$_Tmap_traits@Vfactory_name_t@@PEAVOSNetworkInterfaceFactory@@U?$less@Vfactory_name_t@@@std@@V?$allocator@U?$pair@$$CBVfactory_name_t@@PEAVOSNetworkInterfaceFactory@@@std@@@4@$0A@@std@@@std@@@2@@Z 00000001400011d0 f i avbts_osnet.obj
 0001:00000520       ?clear@?$_Tree@V?$_Tmap_traits@Vfactory_name_t@@PEAVOSNetworkInterfaceFactory@@U?$less@Vfactory_name_t@@@std@@V?$allocator@U?$pair@$$CBVfactory_name_t@@PEAVOSNetworkInterfaceFactory@@@std@@@4@$0A@@std@@@std@@QEAAXXZ 0000000140001520 f i avbts_osnet.obj
 0001:000005a0       ?_Erase@?$_Tree@V?$_Tmap_traits@Vfactory_name_t@@PEAVOSNetworkInterfaceFactory@@U?$less@Vfactory_name_t@@@std@@V?$allocator@U?$pair@$$CBVfactory_name_t@@PEAVOSNetworkInterfaceFactory@@@std@@@4@$0A@@std@@@std@@IEAAXPEAU_Node@?$_Tree_nod@V?$_Tmap_traits@Vfactory_name_t@@PEAVOSNetworkInterfaceFactory@@U?$less@Vfactory_name_t@@@std@@V?$allocator@U?$pair@$$CBVfactory_name_t@@PEAVOSNetworkInterfaceFactory@@@std@@@4@$0A@@std@@@2@@Z 00000001400015a0 f i avbts_osnet.obj
 0001:00000600       ?_Lrotate@?$_Tree@V?$_Tmap_traits@Vfactory_name_t@@PEAVOSNetworkInterfaceFactory@@U?$less@Vfactory_name_t@@@std@@V?$allocator@U?$pair@$$CBVfactory_name_t@@PEAVOSNetworkInterfaceFactory@@@std@@@4@$0A@@std@@@std@@IEAAXPEAU_Node@?$_Tree_nod@V?$_Tmap_traits@Vfactory_name_t@@PEAVOSNetworkInterfaceFactory@@U?$less@Vfactory_name_t@@@std@@V?$allocator@U?$pair@$$CBVfactory_name_t@@PEAVOSNetworkInterfaceFactory@@@std@@@4@$0A@@std@@@2@@Z 0000000140001600 f i avbts_osnet.obj
 0001:00000660       ?_Rrotate@?$_Tree@V?$_Tmap_traits@Vfactory_name_t@@PEAVOSNetworkInterfaceFactory@@U?$less@Vfactory_name_t@@@std@@V?$allocator@U?$pair@$$CBVfactory_name_t@@PEAVOSNetworkInterfaceFactory@@@std@@@4@$0A@@std@@@std@@IEAAXPEAU_Node@?$_Tree_nod@V?$_Tmap_traits@Vfactory_name_t@@PEAVOSNetworkInterfaceFactory@@U?$less@Vfactory_name_t@@@std@@V?$allocator@U?$pair@$$CBVfactory_name_t@@PEAVOSNetworkInterfaceFactory@@@std@@@4@$0A@@std@@@2@@Z 0000000140001660 f i avbts_osnet.obj
 0001:000006c0       ??0bad_alloc@std@@QEAA@AEBV01@@Z 00000001400016c0 f i avbts_osnet.obj
 0001:000006f0       ?timerq_handler@@YAXPEAX@Z 00000001400016f0 f   ieee1588clock.obj
 0001:00000700       ?addEventTimer@IEEE1588Clock@@QEAAXPEAVIEEE1588Port@@W4Event@@_K@Z 0000000140001700 f   ieee1588clock.obj
 0001:000007a0       ?isBetterThan@IEEE1588Clock@@QEAA_NPEAVPTPMessageAnnounce@@@Z 00000001400017a0 f   ieee1588clock.obj
 0001:00000870       ??_EInterfaceLabel@@UEAAPEAXI@Z 0000000140001870 f i  CIL library: CIL module
 0001:00000870       ??_GLinkLayerAddress@@UEAAPEAXI@Z 0000000140001870 f i ieee1588port.obj
 0001:00000870       ??_ELinkLayerAddress@@UEAAPEAXI@Z 0000000140001870 f i  CIL library: CIL module
 0001:00000870       ??_GInterfaceLabel@@UEAAPEAXI@Z 0000000140001870 f i ieee1588port.obj
 0001:000008a0       ?pow@@YANNH@Z              00000001400018a0 f i ieee1588port.obj
 0001:000008e0       ??1LinkLayerAddress@@UEAA@XZ 00000001400018e0 f i ieee1588port.obj
 0001:000008f0       ?openPortWrapper@@YA?AW4OSThreadExitCode@@PEAX@Z 00000001400018f0 f   ieee1588port.obj
 0001:00000910       ??1?$map@VPortIdentity@@VLinkLayerAddress@@U?$less@VPortIdentity@@@std@@V?$allocator@U?$pair@$$CBVPortIdentity@@VLinkLayerAddress@@@std@@@4@@std@@QEAA@XZ 0000000140001910 f i ieee1588port.obj
 0001:00000950       ??0IEEE1588Port@@QEAA@PEAVIEEE1588Clock@@G_NPEAVHWTimestamper@@1HPEAVInterfaceLabel@@PEAVOSConditionFactory@@PEAVOSThreadFactory@@PEAVOSTimerFactory@@PEAVOSLockFactory@@@Z 0000000140001950 f   ieee1588port.obj
 0001:00000b40       ?init_port@IEEE1588Port@@QEAA_NXZ 0000000140001b40 f   ieee1588port.obj
 0001:00000cc0       ?openPort@IEEE1588Port@@QEAAPEAXXZ 0000000140001cc0 f   ieee1588port.obj
 0001:00000e20       ?processEvent@IEEE1588Port@@QEAAXW4Event@@@Z 0000000140001e20 f   ieee1588port.obj
 0001:00001cc0       ?calculateERBest@IEEE1588Port@@QEAAPEAVPTPMessageAnnounce@@XZ 0000000140002cc0 f   ieee1588port.obj
 0001:00001d90       ?recommendState@IEEE1588Port@@QEAAXW4PortState@@_N@Z 0000000140002d90 f   ieee1588port.obj
 0001:00001fa0       ?calcMasterLocalClockRateDifference@IEEE1588Port@@QEAAH_JVTimestamp@@@Z 0000000140002fa0 f   ieee1588port.obj
 0001:000020e0       ?calcLocalSystemClockRateDifference@IEEE1588Port@@QEAAH_JVTimestamp@@@Z 00000001400030e0 f   ieee1588port.obj
 0001:000021b0       ??A?$map@Vfactory_name_t@@PEAVOSNetworkInterfaceFactory@@U?$less@Vfactory_name_t@@@std@@V?$allocator@U?$pair@$$CBVfactory_name_t@@PEAVOSNetworkInterfaceFactory@@@std@@@4@@std@@QEAAAEAPEAVOSNetworkInterfaceFactory@@AEBVfactory_name_t@@@Z 00000001400031b0 f i ieee1588port.obj
 0001:000022b0       ??A?$map@VPortIdentity@@VLinkLayerAddress@@U?$less@VPortIdentity@@@std@@V?$allocator@U?$pair@$$CBVPortIdentity@@VLinkLayerAddress@@@std@@@4@@std@@QEAAAEAVLinkLayerAddress@@AEBVPortIdentity@@@Z 00000001400032b0 f i ieee1588port.obj
 0001:000023a0       ??1?$pair@$$CBVPortIdentity@@VLinkLayerAddress@@@std@@QEAA@XZ 00000001400033a0 f i ieee1588port.obj
 0001:000023b0       ??0?$_Tree@V?$_Tmap_traits@VPortIdentity@@VLinkLayerAddress@@U?$less@VPortIdentity@@@std@@V?$allocator@U?$pair@$$CBVPortIdentity@@VLinkLayerAddress@@@std@@@4@$0A@@std@@@std@@QEAA@AEBU?$less@VPortIdentity@@@1@AEBV?$allocator@U?$pair@$$CBVPortIdentity@@VLinkLayerAddress@@@std@@@1@@Z 00000001400033b0 f i ieee1588port.obj
 0001:00002440       ??1?$_Tree_val@V?$_Tmap_traits@VPortIdentity@@VLinkLayerAddress@@U?$less@VPortIdentity@@@std@@V?$allocator@U?$pair@$$CBVPortIdentity@@VLinkLayerAddress@@@std@@@4@$0A@@std@@@std@@QEAA@XZ 0000000140003440 f i ieee1588port.obj
 0001:00002440       ??1?$_Tree_val@V?$_Tmap_traits@HUTimerQueue_t@@U?$less@H@std@@V?$allocator@U?$pair@$$CBHUTimerQueue_t@@@std@@@3@$0A@@std@@@std@@QEAA@XZ 0000000140003440 f i daemon_cl.obj
 0001:00002450       ??R?$less@VPortIdentity@@@std@@QEBA_NAEBVPortIdentity@@0@Z 0000000140003450 f i ieee1588port.obj
 0001:000024a0       ?erase@?$_Tree@V?$_Tmap_traits@VPortIdentity@@VLinkLayerAddress@@U?$less@VPortIdentity@@@std@@V?$allocator@U?$pair@$$CBVPortIdentity@@VLinkLayerAddress@@@std@@@4@$0A@@std@@@std@@QEAA?AV?$_Tree_iterator@V?$_Tree_val@V?$_Tmap_traits@VPortIdentity@@VLinkLayerAddress@@U?$less@VPortIdentity@@@std@@V?$allocator@U?$pair@$$CBVPortIdentity@@VLinkLayerAddress@@@std@@@4@$0A@@std@@@std@@@2@V?$_Tree_const_iterator@V?$_Tree_val@V?$_Tmap_traits@VPortIdentity@@VLinkLayerAddress@@U?$less@VPortIdentity@@@std@@V?$allocator@U?$pair@$$CBVPortIdentity@@VLinkLayerAddress@@@std@@@4@$0A@@std@@@std@@@2@0@Z 00000001400034a0 f i ieee1588port.obj
 0001:00002580       ?_Lbound@?$_Tree@V?$_Tmap_traits@VPortIdentity@@VLinkLayerAddress@@U?$less@VPortIdentity@@@std@@V?$allocator@U?$pair@$$CBVPortIdentity@@VLinkLayerAddress@@@std@@@4@$0A@@std@@@std@@IEAAPEAU_Node@?$_Tree_nod@V?$_Tmap_traits@VPortIdentity@@VLinkLayerAddress@@U?$less@VPortIdentity@@@std@@V?$allocator@U?$pair@$$CBVPortIdentity@@VLinkLayerAddress@@@std@@@4@$0A@@std@@@2@AEBVPortIdentity@@@Z 0000000140003580 f i ieee1588port.obj
 0001:00002610       ?erase@?$_Tree@V?$_Tmap_traits@VPortIdentity@@VLinkLayerAddress@@U?$less@VPortIdentity@@@std@@V?$allocator@U?$pair@$$CBVPortIdentity@@VLinkLayerAddress@@@std@@@4@$0A@@std@@@std@@QEAA?AV?$_Tree_iterator@V?$_Tree_val@V?$_Tmap_traits@VPortIdentity@@VLinkLayerAddress@@U?$less@VPortIdentity@@@std@@V?$allocator@U?$pair@$$CBVPortIdentity@@VLinkLayerAddress@@@std@@@4@$0A@@std@@@std@@@2@V?$_Tree_const_iterator@V?$_Tree_val@V?$_Tmap_traits@VPortIdentity@@VLinkLayerAddress@@U?$less@VPortIdentity@@@std@@V?$allocator@U?$pair@$$CBVPortIdentity@@VLinkLayerAddress@@@std@@@4@$0A@@std@@@std@@@2@@Z 0000000140003610 f i ieee1588port.obj
 0001:00002980       ?clear@?$_Tree@V?$_Tmap_traits@VPortIdentity@@VLinkLayerAddress@@U?$less@VPortIdentity@@@std@@V?$allocator@U?$pair@$$CBVPortIdentity@@VLinkLayerAddress@@@std@@@4@$0A@@std@@@std@@QEAAXXZ 0000000140003980 f i ieee1588port.obj
 0001:00002a10       ?_Erase@?$_Tree@V?$_Tmap_traits@VPortIdentity@@VLinkLayerAddress@@U?$less@VPortIdentity@@@std@@V?$allocator@U?$pair@$$CBVPortIdentity@@VLinkLayerAddress@@@std@@@4@$0A@@std@@@std@@IEAAXPEAU_Node@?$_Tree_nod@V?$_Tmap_traits@VPortIdentity@@VLinkLayerAddress@@U?$less@VPortIdentity@@@std@@V?$allocator@U?$pair@$$CBVPortIdentity@@VLinkLayerAddress@@@std@@@4@$0A@@std@@@2@@Z 0000000140003a10 f i ieee1588port.obj
 0001:00002a80       ?_Lrotate@?$_Tree@V?$_Tmap_traits@VPortIdentity@@VLinkLayerAddress@@U?$less@VPortIdentity@@@std@@V?$allocator@U?$pair@$$CBVPortIdentity@@VLinkLayerAddress@@@std@@@4@$0A@@std@@@std@@IEAAXPEAU_Node@?$_Tree_nod@V?$_Tmap_traits@VPortIdentity@@VLinkLayerAddress@@U?$less@VPortIdentity@@@std@@V?$allocator@U?$pair@$$CBVPortIdentity@@VLinkLayerAddress@@@std@@@4@$0A@@std@@@2@@Z 0000000140003a80 f i ieee1588port.obj
 0001:00002ae0       ?_Rrotate@?$_Tree@V?$_Tmap_traits@VPortIdentity@@VLinkLayerAddress@@U?$less@VPortIdentity@@@std@@V?$allocator@U?$pair@$$CBVPortIdentity@@VLinkLayerAddress@@@std@@@4@$0A@@std@@@std@@IEAAXPEAU_Node@?$_Tree_nod@V?$_Tmap_traits@VPortIdentity@@VLinkLayerAddress@@U?$less@VPortIdentity@@@std@@V?$allocator@U?$pair@$$CBVPortIdentity@@VLinkLayerAddress@@@std@@@4@$0A@@std@@@2@@Z 0000000140003ae0 f i ieee1588port.obj
 0001:00002b40       ?_Insert@?$_Tree@V?$_Tmap_traits@Vfactory_name_t@@PEAVOSNetworkInterfaceFactory@@U?$less@Vfactory_name_t@@@std@@V?$allocator@U?$pair@$$CBVfactory_name_t@@PEAVOSNetworkInterfaceFactory@@@std@@@4@$0A@@std@@@std@@QEAA?AV?$_Tree_iterator@V?$_Tree_val@V?$_Tmap_traits@Vfactory_name_t@@PEAVOSNetworkInterfaceFactory@@U?$less@Vfactory_name_t@@@std@@V?$allocator@U?$pair@$$CBVfactory_name_t@@PEAVOSNetworkInterfaceFactory@@@std@@@4@$0A@@std@@@std@@@2@V?$_Tree_const_iterator@V?$_Tree_val@V?$_Tmap_traits@Vfactory_name_t@@PEAVOSNetworkInterfaceFactory@@U?$less@Vfactory_name_t@@@std@@V?$allocator@U?$pair@$$CBVfactory_name_t@@PEAVOSNetworkInterfaceFactory@@@std@@@4@$0A@@std@@@std@@@2@PEAU_Node@?$_Tree_nod@V?$_Tmap_traits@Vfactory_name_t@@PEAVOSNetworkInterfaceFactory@@U?$less@Vfactory_name_t@@@std@@V?$allocator@U?$pair@$$CBVfactory_name_t@@PEAVOSNetworkInterfaceFactory@@@std@@@4@$0A@@std@@@2@@Z 0000000140003b40 f i ieee1588port.obj
 0001:00002de0       ?_Insert@?$_Tree@V?$_Tmap_traits@VPortIdentity@@VLinkLayerAddress@@U?$less@VPortIdentity@@@std@@V?$allocator@U?$pair@$$CBVPortIdentity@@VLinkLayerAddress@@@std@@@4@$0A@@std@@@std@@QEAA?AV?$_Tree_iterator@V?$_Tree_val@V?$_Tmap_traits@VPortIdentity@@VLinkLayerAddress@@U?$less@VPortIdentity@@@std@@V?$allocator@U?$pair@$$CBVPortIdentity@@VLinkLayerAddress@@@std@@@4@$0A@@std@@@std@@@2@V?$_Tree_const_iterator@V?$_Tree_val@V?$_Tmap_traits@VPortIdentity@@VLinkLayerAddress@@U?$less@VPortIdentity@@@std@@V?$allocator@U?$pair@$$CBVPortIdentity@@VLinkLayerAddress@@@std@@@4@$0A@@std@@@std@@@2@PEAU_Node@?$_Tree_nod@V?$_Tmap_traits@VPortIdentity@@VLinkLayerAddress@@U?$less@VPortIdentity@@@std@@V?$allocator@U?$pair@$$CBVPortIdentity@@VLinkLayerAddress@@@std@@@4@$0A@@std@@@2@@Z 0000000140003de0 f i ieee1588port.obj
 0001:00003050       ?_Linsert@?$_Tree@V?$_Tmap_traits@Vfactory_name_t@@PEAVOSNetworkInterfaceFactory@@U?$less@Vfactory_name_t@@@std@@V?$allocator@U?$pair@$$CBVfactory_name_t@@PEAVOSNetworkInterfaceFactory@@@std@@@4@$0A@@std@@@std@@QEAA?AU?$pair@V?$_Tree_iterator@V?$_Tree_val@V?$_Tmap_traits@Vfactory_name_t@@PEAVOSNetworkInterfaceFactory@@U?$less@Vfactory_name_t@@@std@@V?$allocator@U?$pair@$$CBVfactory_name_t@@PEAVOSNetworkInterfaceFactory@@@std@@@4@$0A@@std@@@std@@@std@@_N@2@PEAU_Node@?$_Tree_nod@V?$_Tmap_traits@Vfactory_name_t@@PEAVOSNetworkInterfaceFactory@@U?$less@Vfactory_name_t@@@std@@V?$allocator@U?$pair@$$CBVfactory_name_t@@PEAVOSNetworkInterfaceFactory@@@std@@@4@$0A@@std@@@2@_N@Z 0000000140004050 f i ieee1588port.obj
 0001:000031b0       ?_Insert@?$_Tree@V?$_Tmap_traits@Vfactory_name_t@@PEAVOSNetworkInterfaceFactory@@U?$less@Vfactory_name_t@@@std@@V?$allocator@U?$pair@$$CBVfactory_name_t@@PEAVOSNetworkInterfaceFactory@@@std@@@4@$0A@@std@@@std@@IEAA?AV?$_Tree_iterator@V?$_Tree_val@V?$_Tmap_traits@Vfactory_name_t@@PEAVOSNetworkInterfaceFactory@@U?$less@Vfactory_name_t@@@std@@V?$allocator@U?$pair@$$CBVfactory_name_t@@PEAVOSNetworkInterfaceFactory@@@std@@@4@$0A@@std@@@std@@@2@_NPEAU_Node@?$_Tree_nod@V?$_Tmap_traits@Vfactory_name_t@@PEAVOSNetworkInterfaceFactory@@U?$less@Vfactory_name_t@@@std@@V?$allocator@U?$pair@$$CBVfactory_name_t@@PEAVOSNetworkInterfaceFactory@@@std@@@4@$0A@@std@@@2@1@Z 00000001400041b0 f i ieee1588port.obj
 0001:00003460       ?_Linsert@?$_Tree@V?$_Tmap_traits@VPortIdentity@@VLinkLayerAddress@@U?$less@VPortIdentity@@@std@@V?$allocator@U?$pair@$$CBVPortIdentity@@VLinkLayerAddress@@@std@@@4@$0A@@std@@@std@@QEAA?AU?$pair@V?$_Tree_iterator@V?$_Tree_val@V?$_Tmap_traits@VPortIdentity@@VLinkLayerAddress@@U?$less@VPortIdentity@@@std@@V?$allocator@U?$pair@$$CBVPortIdentity@@VLinkLayerAddress@@@std@@@4@$0A@@std@@@std@@@std@@_N@2@PEAU_Node@?$_Tree_nod@V?$_Tmap_traits@VPortIdentity@@VLinkLayerAddress@@U?$less@VPortIdentity@@@std@@V?$allocator@U?$pair@$$CBVPortIdentity@@VLinkLayerAddress@@@std@@@4@$0A@@std@@@2@_N@Z 0000000140004460 f i ieee1588port.obj
 0001:00003610       ?_Insert@?$_Tree@V?$_Tmap_traits@VPortIdentity@@VLinkLayerAddress@@U?$less@VPortIdentity@@@std@@V?$allocator@U?$pair@$$CBVPortIdentity@@VLinkLayerAddress@@@std@@@4@$0A@@std@@@std@@IEAA?AV?$_Tree_iterator@V?$_Tree_val@V?$_Tmap_traits@VPortIdentity@@VLinkLayerAddress@@U?$less@VPortIdentity@@@std@@V?$allocator@U?$pair@$$CBVPortIdentity@@VLinkLayerAddress@@@std@@@4@$0A@@std@@@std@@@2@_NPEAU_Node@?$_Tree_nod@V?$_Tmap_traits@VPortIdentity@@VLinkLayerAddress@@U?$less@VPortIdentity@@@std@@V?$allocator@U?$pair@$$CBVPortIdentity@@VLinkLayerAddress@@@std@@@4@$0A@@std@@@2@1@Z 0000000140004610 f i ieee1588port.obj
 0001:000038c0       ??$_Buynode@U?$pair@$$CBVfactory_name_t@@PEAVOSNetworkInterfaceFactory@@@std@@@?$_Tree_val@V?$_Tmap_traits@Vfactory_name_t@@PEAVOSNetworkInterfaceFactory@@U?$less@Vfactory_name_t@@@std@@V?$allocator@U?$pair@$$CBVfactory_name_t@@PEAVOSNetworkInterfaceFactory@@@std@@@4@$0A@@std@@@std@@QEAAPEAU_Node@?$_Tree_nod@V?$_Tmap_traits@Vfactory_name_t@@PEAVOSNetworkInterfaceFactory@@U?$less@Vfactory_name_t@@@std@@V?$allocator@U?$pair@$$CBVfactory_name_t@@PEAVOSNetworkInterfaceFactory@@@std@@@4@$0A@@std@@@1@$$QEAU?$pair@$$CBVfactory_name_t@@PEAVOSNetworkInterfaceFactory@@@1@@Z 00000001400048c0 f i ieee1588port.obj
 0001:00003930       ??$_Buynode@U?$pair@$$CBVPortIdentity@@VLinkLayerAddress@@@std@@@?$_Tree_val@V?$_Tmap_traits@VPortIdentity@@VLinkLayerAddress@@U?$less@VPortIdentity@@@std@@V?$allocator@U?$pair@$$CBVPortIdentity@@VLinkLayerAddress@@@std@@@4@$0A@@std@@@std@@QEAAPEAU_Node@?$_Tree_nod@V?$_Tmap_traits@VPortIdentity@@VLinkLayerAddress@@U?$less@VPortIdentity@@@std@@V?$allocator@U?$pair@$$CBVPortIdentity@@VLinkLayerAddress@@@std@@@4@$0A@@std@@@1@$$QEAU?$pair@$$CBVPortIdentity@@VLinkLayerAddress@@@1@@Z 0000000140004930 f i ieee1588port.obj
 0001:00003990       ?_Buynode@?$_Tree_val@V?$_Tmap_traits@Vfactory_name_t@@PEAVOSNetworkInterfaceFactory@@U?$less@Vfactory_name_t@@@std@@V?$allocator@U?$pair@$$CBVfactory_name_t@@PEAVOSNetworkInterfaceFactory@@@std@@@4@$0A@@std@@@std@@QEAAPEAU_Node@?$_Tree_nod@V?$_Tmap_traits@Vfactory_name_t@@PEAVOSNetworkInterfaceFactory@@U?$less@Vfactory_name_t@@@std@@V?$allocator@U?$pair@$$CBVfactory_name_t@@PEAVOSNetworkInterfaceFactory@@@std@@@4@$0A@@std@@@2@XZ 0000000140004990 f i ieee1588port.obj
 0001:00003a10       ?_Buynode@?$_Tree_val@V?$_Tmap_traits@VPortIdentity@@VLinkLayerAddress@@U?$less@VPortIdentity@@@std@@V?$allocator@U?$pair@$$CBVPortIdentity@@VLinkLayerAddress@@@std@@@4@$0A@@std@@@std@@QEAAPEAU_Node@?$_Tree_nod@V?$_Tmap_traits@VPortIdentity@@VLinkLayerAddress@@U?$less@VPortIdentity@@@std@@V?$allocator@U?$pair@$$CBVPortIdentity@@VLinkLayerAddress@@@std@@@4@$0A@@std@@@2@XZ 0000000140004a10 f i ieee1588port.obj
 0001:00003a90       ??_EPTPMessagePathDelayReq@@UEAAPEAXI@Z 0000000140004a90 f i  CIL library: CIL module
 0001:00003a90       ??_GPTPMessageCommon@@UEAAPEAXI@Z 0000000140004a90 f i ptp_message.obj
 0001:00003a90       ??_GPTPMessageSync@@UEAAPEAXI@Z 0000000140004a90 f i ptp_message.obj
 0001:00003a90       ??_EPTPMessageSync@@UEAAPEAXI@Z 0000000140004a90 f i  CIL library: CIL module
 0001:00003a90       ??_EPTPMessageFollowUp@@UEAAPEAXI@Z 0000000140004a90 f i  CIL library: CIL module
 0001:00003a90       ??_GPTPMessagePathDelayReq@@UEAAPEAXI@Z 0000000140004a90 f i ptp_message.obj
 0001:00003a90       ??_GPTPMessageFollowUp@@UEAAPEAXI@Z 0000000140004a90 f i ptp_message.obj
 0001:00003a90       ??_EPTPMessageCommon@@UEAAPEAXI@Z 0000000140004a90 f i  CIL library: CIL module
 0001:00003ad0       ??_GPTPMessagePathDelayResp@@UEAAPEAXI@Z 0000000140004ad0 f i ptp_message.obj
 0001:00003ad0       ??_EPTPMessagePathDelayResp@@UEAAPEAXI@Z 0000000140004ad0 f i  CIL library: CIL module
 0001:00003b30       ??_GPTPMessagePathDelayRespFollowUp@@UEAAPEAXI@Z 0000000140004b30 f i ptp_message.obj
 0001:00003b30       ??_EPTPMessagePathDelayRespFollowUp@@UEAAPEAXI@Z 0000000140004b30 f i  CIL library: CIL module
 0001:00003b90       ??0PortIdentity@@QEAA@PEAEPEAG@Z 0000000140004b90 f i ptp_message.obj
 0001:00003bd0       ?addQualifiedAnnounce@IEEE1588Port@@QEAAXPEAVPTPMessageAnnounce@@@Z 0000000140004bd0 f i ptp_message.obj
 0001:00003c50       ?buildPTPMessage@@YAPEAVPTPMessageCommon@@PEADHPEAVLinkLayerAddress@@PEAVIEEE1588Port@@@Z 0000000140004c50 f   ptp_message.obj
 0001:00004370       ?processMessage@PTPMessageCommon@@UEAAXPEAVIEEE1588Port@@@Z 0000000140005370 f   ptp_message.obj
 0001:00004380       ?buildCommonHeader@PTPMessageCommon@@QEAAXPEAE@Z 0000000140005380 f   ptp_message.obj
 0001:00004460       ??1PTPMessageCommon@@UEAA@XZ 0000000140005460 f   ptp_message.obj
 0001:00004480       ??_EPTPMessageAnnounce@@UEAAPEAXI@Z 0000000140005480 f i  CIL library: CIL module
 0001:00004480       ??_GPTPMessageAnnounce@@UEAAPEAXI@Z 0000000140005480 f i ptp_message.obj
 0001:000044e0       ?isBetterThan@PTPMessageAnnounce@@QEAA_NPEAV1@@Z 00000001400054e0 f   ptp_message.obj
 0001:000045b0       ??0PTPMessageSync@@QEAA@PEAVIEEE1588Port@@@Z 00000001400055b0 f   ptp_message.obj
 0001:00004660       ?sendPort@PTPMessageSync@@QEAAXPEAVIEEE1588Port@@PEAVPortIdentity@@@Z 0000000140005660 f   ptp_message.obj
 0001:000047a0       ??0PTPMessageAnnounce@@QEAA@PEAVIEEE1588Port@@@Z 00000001400057a0 f   ptp_message.obj
 0001:000048e0       ?sendPort@PTPMessageAnnounce@@QEAAXPEAVIEEE1588Port@@PEAVPortIdentity@@@Z 00000001400058e0 f   ptp_message.obj
 0001:00004a60       ?processMessage@PTPMessageAnnounce@@UEAAXPEAVIEEE1588Port@@@Z 0000000140005a60 f   ptp_message.obj
 0001:00004b50       ?processMessage@PTPMessageSync@@UEAAXPEAVIEEE1588Port@@@Z 0000000140005b50 f   ptp_message.obj
 0001:00004c60       ??0PTPMessageFollowUp@@QEAA@PEAVIEEE1588Port@@@Z 0000000140005c60 f   ptp_message.obj
 0001:00004d50       ?sendPort@PTPMessageFollowUp@@QEAAXPEAVIEEE1588Port@@PEAVPortIdentity@@@Z 0000000140005d50 f   ptp_message.obj
 0001:00004ea0       ?processMessage@PTPMessageFollowUp@@UEAAXPEAVIEEE1588Port@@@Z 0000000140005ea0 f   ptp_message.obj
 0001:00005290       ?processMessage@PTPMessagePathDelayReq@@UEAAXPEAVIEEE1588Port@@@Z 0000000140006290 f   ptp_message.obj
 0001:000056b0       ?sendPort@PTPMessagePathDelayReq@@QEAAXPEAVIEEE1588Port@@PEAVPortIdentity@@@Z 00000001400066b0 f   ptp_message.obj
 0001:000057b0       ??0PTPMessagePathDelayResp@@QEAA@PEAVIEEE1588Port@@@Z 00000001400067b0 f   ptp_message.obj
 0001:00005840       ?processMessage@PTPMessagePathDelayResp@@UEAAXPEAVIEEE1588Port@@@Z 0000000140006840 f   ptp_message.obj
 0001:00005990       ?sendPort@PTPMessagePathDelayResp@@QEAAXPEAVIEEE1588Port@@PEAVPortIdentity@@@Z 0000000140006990 f   ptp_message.obj
 0001:00005ae0       ??0PTPMessagePathDelayRespFollowUp@@QEAA@PEAVIEEE1588Port@@@Z 0000000140006ae0 f   ptp_message.obj
 0001:00005b70       ?processMessage@PTPMessagePathDelayRespFollowUp@@UEAAXPEAVIEEE1588Port@@@Z 0000000140006b70 f   ptp_message.obj
 0001:00006070       ?sendPort@PTPMessagePathDelayRespFollowUp@@QEAAXPEAVIEEE1588Port@@PEAVPortIdentity@@@Z 0000000140007070 f   ptp_message.obj
 0001:000061c0       ?_Buynode@?$_List_val@PEAUWindowsTimerQueueHandlerArg@@V?$allocator@PEAUWindowsTimerQueueHandlerArg@@@std@@@std@@QEAAPEAU_Node@?$_List_nod@PEAUWindowsTimerQueueHandlerArg@@V?$allocator@PEAUWindowsTimerQueueHandlerArg@@@std@@@2@PEAU342@0AEBQEAUWindowsTimerQueueHandlerArg@@@Z 00000001400071c0 f i daemon_cl.obj
 0001:000061c0       ?_Buynode@?$_List_val@PEAVPTPMessageAnnounce@@V?$allocator@PEAVPTPMessageAnnounce@@@std@@@std@@QEAAPEAU_Node@?$_List_nod@PEAVPTPMessageAnnounce@@V?$allocator@PEAVPTPMessageAnnounce@@@std@@@2@PEAU342@0AEBQEAVPTPMessageAnnounce@@@Z 00000001400071c0 f i ptp_message.obj
 0001:00006260       ?HWTimestamper_init@HWTimestamper@@UEAA_NPEAVInterfaceLabel@@@Z 0000000140007260 f i daemon_cl.obj
 0001:00006270       ??3@YAXPEAX0@Z             0000000140007270 f i ieee1588port.obj
 0001:00006270       ?HWTimestamper_final@HWTimestamper@@UEAAXXZ 0000000140007270 f i daemon_cl.obj
 0001:00006280       ?HWTimestamper_adjclockrate@HWTimestamper@@UEAA_NHIVTimestamp@@_J_N@Z 0000000140007280 f i daemon_cl.obj
 0001:00006280       ?HWTimestamper_adjclockrate2@HWTimestamper@@UEAA_NH@Z 0000000140007280 f i daemon_cl.obj
 0001:00006280       ?HWTimestamper_get_extclk_offset@HWTimestamper@@UEAA_NPEAVTimestamp@@PEA_JPEAH@Z 0000000140007280 f i daemon_cl.obj
 0001:00006290       ?HWTimestamper_get_extderror@HWTimestamper@@UEAAXPEAD@Z 0000000140007290 f i daemon_cl.obj
 0001:000062a0       ??_GHWTimestamper@@UEAAPEAXI@Z 00000001400072a0 f i daemon_cl.obj
 0001:000062a0       ??_GWindowsTimestamper@@UEAAPEAXI@Z 00000001400072a0 f i daemon_cl.obj
 0001:000062a0       ??_EHWTimestamper@@UEAAPEAXI@Z 00000001400072a0 f i  CIL library: CIL module
 0001:000062a0       ??_EWindowsTimestamper@@UEAAPEAXI@Z 00000001400072a0 f i  CIL library: CIL module
 0001:000062d0       ?send@WindowsPCAPNetworkInterface@@UEAA?AW4net_result@@PEAVLinkLayerAddress@@PEAE_K_N@Z 00000001400072d0 f i daemon_cl.obj
 0001:000063a0       ?recv@WindowsPCAPNetworkInterface@@UEAA?AW4net_result@@PEAVLinkLayerAddress@@PEAEAEA_K@Z 00000001400073a0 f i daemon_cl.obj
 0001:000064d0       ?getLinkLayerAddress@WindowsPCAPNetworkInterface@@UEAAXPEAVLinkLayerAddress@@@Z 00000001400074d0 f i daemon_cl.obj
 0001:00006500       ?getPayloadOffset@WindowsPCAPNetworkInterface@@UEAAIXZ 0000000140007500 f i daemon_cl.obj
 0001:00006510       ??_GWindowsPCAPNetworkInterface@@UEAAPEAXI@Z 0000000140007510 f i daemon_cl.obj
 0001:00006510       ??_EWindowsPCAPNetworkInterface@@UEAAPEAXI@Z 0000000140007510 f i  CIL library: CIL module
 0001:00006590       ?createInterface@WindowsPCAPNetworkInterfaceFactory@@UEAA_NPEAPEAVOSNetworkInterface@@PEAVInterfaceLabel@@PEAVHWTimestamper@@@Z 0000000140007590 f i daemon_cl.obj
 0001:000066f0       ?lock@WindowsLock@@MEAA?AW4OSLockResult@@XZ 00000001400076f0 f i daemon_cl.obj
 0001:000067a0       ?trylock@WindowsLock@@MEAA?AW4OSLockResult@@XZ 00000001400077a0 f i daemon_cl.obj
 0001:00006850       ?unlock@WindowsLock@@MEAA?AW4OSLockResult@@XZ 0000000140007850 f i daemon_cl.obj
 0001:00006870       ?createLock@WindowsLockFactory@@UEAAPEAVOSLock@@W4OSLockType@@@Z 0000000140007870 f i daemon_cl.obj
 0001:000068f0       ?wait_prelock@WindowsCondition@@UEAA_NXZ 00000001400078f0 f i daemon_cl.obj
 0001:00006910       ?wait@WindowsCondition@@UEAA_NXZ 0000000140007910 f i daemon_cl.obj
 0001:00006960       ?signal@WindowsCondition@@UEAA_NXZ 0000000140007960 f i daemon_cl.obj
 0001:000069a0       ?createCondition@WindowsConditionFactory@@UEAAPEAVOSCondition@@XZ 00000001400079a0 f i daemon_cl.obj
 0001:000069f0       ?cleanupRetiredTimers@WindowsTimerQueue@@AEAAXXZ 00000001400079f0 f i daemon_cl.obj
 0001:00006ac0       ??0WindowsTimerQueue@@IEAA@XZ 0000000140007ac0 f i daemon_cl.obj
 0001:00006b60       ?addEvent@WindowsTimerQueue@@UEAA_NKHP6AXPEAX@ZPEAUevent_descriptor_t@@_NPEAI@Z 0000000140007b60 f i daemon_cl.obj
 0001:00006da0       ?cancelEvent@WindowsTimerQueue@@UEAA_NHPEAI@Z 0000000140007da0 f i daemon_cl.obj
 0001:00006f40       ??1?$map@HUTimerQueue_t@@U?$less@H@std@@V?$allocator@U?$pair@$$CBHUTimerQueue_t@@@std@@@3@@std@@QEAA@XZ 0000000140007f40 f i daemon_cl.obj
 0001:00006f80       ?WindowsTimerQueueHandler@@YAXPEAXE@Z 0000000140007f80 f   daemon_cl.obj
 0001:00007090       ?createOSTimerQueue@WindowsTimerQueueFactory@@UEAAPEAVOSTimerQueue@@XZ 0000000140008090 f i daemon_cl.obj
 0001:000070d0       ?sleep@WindowsTimer@@UEAAKK@Z 00000001400080d0 f i daemon_cl.obj
 0001:00007100       ?createTimer@WindowsTimerFactory@@UEAAPEAVOSTimer@@XZ 0000000140008100 f i daemon_cl.obj
 0001:00007130       ?OSThreadCallback@@YAKPEAX@Z 0000000140008130 f   daemon_cl.obj
 0001:00007150       ?start@WindowsThread@@UEAA_NP6A?AW4OSThreadExitCode@@PEAX@Z0@Z 0000000140008150 f i daemon_cl.obj
 0001:000071e0       ?join@WindowsThread@@UEAA_NAEAW4OSThreadExitCode@@@Z 00000001400081e0 f i daemon_cl.obj
 0001:00007230       ?createThread@WindowsThreadFactory@@UEAAPEAVOSThread@@XZ 0000000140008230 f i daemon_cl.obj
 0001:00007260       ?HWTimestamper_init@WindowsTimestamper@@UEAA_NPEAVInterfaceLabel@@@Z 0000000140008260 f i daemon_cl.obj
 0001:00007550       ?HWTimestamper_gettime@WindowsTimestamper@@UEAA_NPEAVTimestamp@@0PEAI1@Z 0000000140008550 f i daemon_cl.obj
 0001:00007730       ?HWTimestamper_txtimestamp@WindowsTimestamper@@UEAAHPEAVPortIdentity@@GAEAVTimestamp@@AEAI_N@Z 0000000140008730 f i daemon_cl.obj
 0001:000078d0       ?HWTimestamper_rxtimestamp@WindowsTimestamper@@UEAAHPEAVPortIdentity@@GAEAVTimestamp@@AEAI_N@Z 00000001400088d0 f i daemon_cl.obj
 0001:00007a60       ?init@WindowsNamedPipeIPC@@UEAA_NXZ 0000000140008a60 f i daemon_cl.obj
 0001:00007b40       ?update@WindowsNamedPipeIPC@@UEAA_N_J0HH_K@Z 0000000140008b40 f i daemon_cl.obj
 0001:00007bd0       ?ctrl_handler@@YAHK@Z      0000000140008bd0 f   daemon_cl.obj
 0001:00007bf0       main                       0000000140008bf0 f   daemon_cl.obj
 0001:00008020       ??A?$map@HUTimerQueue_t@@U?$less@H@std@@V?$allocator@U?$pair@$$CBHUTimerQueue_t@@@std@@@3@@std@@QEAAAEAUTimerQueue_t@@AEBH@Z 0000000140009020 f i daemon_cl.obj
 0001:000081e0       ??1TimerQueue_t@@QEAA@XZ   00000001400091e0 f i daemon_cl.obj
 0001:000081e0       ??1?$list@PEAVPTPMessageAnnounce@@V?$allocator@PEAVPTPMessageAnnounce@@@std@@@std@@QEAA@XZ 00000001400091e0 f i ieee1588port.obj
 0001:00008240       ??1?$pair@$$CBHUTimerQueue_t@@@std@@QEAA@XZ 0000000140009240 f i daemon_cl.obj
 0001:00008240       ??$_Dest_val@V?$allocator@U?$pair@$$CBHUTimerQueue_t@@@std@@@std@@U?$pair@$$CBHUTimerQueue_t@@@2@@std@@YAXAEAV?$allocator@U?$pair@$$CBHUTimerQueue_t@@@std@@@0@PEAU?$pair@$$CBHUTimerQueue_t@@@0@@Z 0000000140009240 f i daemon_cl.obj
 0001:000082a0       ?_Tidy@?$list@PEAUWindowsTimerQueueHandlerArg@@V?$allocator@PEAUWindowsTimerQueueHandlerArg@@@std@@@std@@QEAAXXZ 00000001400092a0 f i daemon_cl.obj
 0001:000082f0       ??1?$_List_val@PEAUWindowsTimerQueueHandlerArg@@V?$allocator@PEAUWindowsTimerQueueHandlerArg@@@std@@@std@@QEAA@XZ 00000001400092f0 f i daemon_cl.obj
 0001:00008300       ??0?$_Tree@V?$_Tmap_traits@HUTimerQueue_t@@U?$less@H@std@@V?$allocator@U?$pair@$$CBHUTimerQueue_t@@@std@@@3@$0A@@std@@@std@@QEAA@AEBU?$less@H@1@AEBV?$allocator@U?$pair@$$CBHUTimerQueue_t@@@std@@@1@@Z 0000000140009300 f i daemon_cl.obj
 0001:00008390       ?erase@?$_Tree@V?$_Tmap_traits@HUTimerQueue_t@@U?$less@H@std@@V?$allocator@U?$pair@$$CBHUTimerQueue_t@@@std@@@3@$0A@@std@@@std@@QEAA?AV?$_Tree_iterator@V?$_Tree_val@V?$_Tmap_traits@HUTimerQueue_t@@U?$less@H@std@@V?$allocator@U?$pair@$$CBHUTimerQueue_t@@@std@@@3@$0A@@std@@@std@@@2@V?$_Tree_const_iterator@V?$_Tree_val@V?$_Tmap_traits@HUTimerQueue_t@@U?$less@H@std@@V?$allocator@U?$pair@$$CBHUTimerQueue_t@@@std@@@3@$0A@@std@@@std@@@2@0@Z 0000000140009390 f i daemon_cl.obj
 0001:00008490       ??0?$list@PEAUWindowsTimerQueueHandlerArg@@V?$allocator@PEAUWindowsTimerQueueHandlerArg@@@std@@@std@@QEAA@AEBV01@@Z 0000000140009490 f i daemon_cl.obj
 0001:00008540       ?erase@?$_Tree@V?$_Tmap_traits@HUTimerQueue_t@@U?$less@H@std@@V?$allocator@U?$pair@$$CBHUTimerQueue_t@@@std@@@3@$0A@@std@@@std@@QEAA?AV?$_Tree_iterator@V?$_Tree_val@V?$_Tmap_traits@HUTimerQueue_t@@U?$less@H@std@@V?$allocator@U?$pair@$$CBHUTimerQueue_t@@@std@@@3@$0A@@std@@@std@@@2@V?$_Tree_const_iterator@V?$_Tree_val@V?$_Tmap_traits@HUTimerQueue_t@@U?$less@H@std@@V?$allocator@U?$pair@$$CBHUTimerQueue_t@@@std@@@3@$0A@@std@@@std@@@2@@Z 0000000140009540 f i daemon_cl.obj
 0001:000088d0       ?_Erase@?$_Tree@V?$_Tmap_traits@HUTimerQueue_t@@U?$less@H@std@@V?$allocator@U?$pair@$$CBHUTimerQueue_t@@@std@@@3@$0A@@std@@@std@@IEAAXPEAU_Node@?$_Tree_nod@V?$_Tmap_traits@HUTimerQueue_t@@U?$less@H@std@@V?$allocator@U?$pair@$$CBHUTimerQueue_t@@@std@@@3@$0A@@std@@@2@@Z 00000001400098d0 f i daemon_cl.obj
 0001:00008970       ?_Lrotate@?$_Tree@V?$_Tmap_traits@HUTimerQueue_t@@U?$less@H@std@@V?$allocator@U?$pair@$$CBHUTimerQueue_t@@@std@@@3@$0A@@std@@@std@@IEAAXPEAU_Node@?$_Tree_nod@V?$_Tmap_traits@HUTimerQueue_t@@U?$less@H@std@@V?$allocator@U?$pair@$$CBHUTimerQueue_t@@@std@@@3@$0A@@std@@@2@@Z 0000000140009970 f i daemon_cl.obj
 0001:000089d0       ?_Rrotate@?$_Tree@V?$_Tmap_traits@HUTimerQueue_t@@U?$less@H@std@@V?$allocator@U?$pair@$$CBHUTimerQueue_t@@@std@@@3@$0A@@std@@@std@@IEAAXPEAU_Node@?$_Tree_nod@V?$_Tmap_traits@HUTimerQueue_t@@U?$less@H@std@@V?$allocator@U?$pair@$$CBHUTimerQueue_t@@@std@@@3@$0A@@std@@@2@@Z 00000001400099d0 f i daemon_cl.obj
 0001:00008a30       ?_Insert@?$_Tree@V?$_Tmap_traits@HUTimerQueue_t@@U?$less@H@std@@V?$allocator@U?$pair@$$CBHUTimerQueue_t@@@std@@@3@$0A@@std@@@std@@QEAA?AV?$_Tree_iterator@V?$_Tree_val@V?$_Tmap_traits@HUTimerQueue_t@@U?$less@H@std@@V?$allocator@U?$pair@$$CBHUTimerQueue_t@@@std@@@3@$0A@@std@@@std@@@2@V?$_Tree_const_iterator@V?$_Tree_val@V?$_Tmap_traits@HUTimerQueue_t@@U?$less@H@std@@V?$allocator@U?$pair@$$CBHUTimerQueue_t@@@std@@@3@$0A@@std@@@std@@@2@PEAU_Node@?$_Tree_nod@V?$_Tmap_traits@HUTimerQueue_t@@U?$less@H@std@@V?$allocator@U?$pair@$$CBHUTimerQueue_t@@@std@@@3@$0A@@std@@@2@@Z 0000000140009a30 f i daemon_cl.obj
 0001:00008c40       ?_Linsert@?$_Tree@V?$_Tmap_traits@HUTimerQueue_t@@U?$less@H@std@@V?$allocator@U?$pair@$$CBHUTimerQueue_t@@@std@@@3@$0A@@std@@@std@@QEAA?AU?$pair@V?$_Tree_iterator@V?$_Tree_val@V?$_Tmap_traits@HUTimerQueue_t@@U?$less@H@std@@V?$allocator@U?$pair@$$CBHUTimerQueue_t@@@std@@@3@$0A@@std@@@std@@@std@@_N@2@PEAU_Node@?$_Tree_nod@V?$_Tmap_traits@HUTimerQueue_t@@U?$less@H@std@@V?$allocator@U?$pair@$$CBHUTimerQueue_t@@@std@@@3@$0A@@std@@@2@_N@Z 0000000140009c40 f i daemon_cl.obj
 0001:00008d70       ?_Insert@?$_Tree@V?$_Tmap_traits@HUTimerQueue_t@@U?$less@H@std@@V?$allocator@U?$pair@$$CBHUTimerQueue_t@@@std@@@3@$0A@@std@@@std@@IEAA?AV?$_Tree_iterator@V?$_Tree_val@V?$_Tmap_traits@HUTimerQueue_t@@U?$less@H@std@@V?$allocator@U?$pair@$$CBHUTimerQueue_t@@@std@@@3@$0A@@std@@@std@@@2@_NPEAU_Node@?$_Tree_nod@V?$_Tmap_traits@HUTimerQueue_t@@U?$less@H@std@@V?$allocator@U?$pair@$$CBHUTimerQueue_t@@@std@@@3@$0A@@std@@@2@1@Z 0000000140009d70 f i daemon_cl.obj
 0001:00009060       ??$_Buynode@U?$pair@$$CBHUTimerQueue_t@@@std@@@?$_Tree_val@V?$_Tmap_traits@HUTimerQueue_t@@U?$less@H@std@@V?$allocator@U?$pair@$$CBHUTimerQueue_t@@@std@@@3@$0A@@std@@@std@@QEAAPEAU_Node@?$_Tree_nod@V?$_Tmap_traits@HUTimerQueue_t@@U?$less@H@std@@V?$allocator@U?$pair@$$CBHUTimerQueue_t@@@std@@@3@$0A@@std@@@1@$$QEAU?$pair@$$CBHUTimerQueue_t@@@1@@Z 000000014000a060 f i daemon_cl.obj
 0001:000090e0       ??$_Insert@V?$_List_const_iterator@V?$_List_val@PEAUWindowsTimerQueueHandlerArg@@V?$allocator@PEAUWindowsTimerQueueHandlerArg@@@std@@@std@@@std@@@?$list@PEAUWindowsTimerQueueHandlerArg@@V?$allocator@PEAUWindowsTimerQueueHandlerArg@@@std@@@std@@QEAAXV?$_List_const_iterator@V?$_List_val@PEAUWindowsTimerQueueHandlerArg@@V?$allocator@PEAUWindowsTimerQueueHandlerArg@@@std@@@std@@@1@00Uforward_iterator_tag@1@@Z 000000014000a0e0 f i daemon_cl.obj
 0001:00009190       ?_Buynode@?$_Tree_val@V?$_Tmap_traits@HUTimerQueue_t@@U?$less@H@std@@V?$allocator@U?$pair@$$CBHUTimerQueue_t@@@std@@@3@$0A@@std@@@std@@QEAAPEAU_Node@?$_Tree_nod@V?$_Tmap_traits@HUTimerQueue_t@@U?$less@H@std@@V?$allocator@U?$pair@$$CBHUTimerQueue_t@@@std@@@3@$0A@@std@@@2@XZ 000000014000a190 f i daemon_cl.obj
 0001:00009210       ?openInterfaceByAddr@@YA?AW4packet_error_t@@PEAUpacket_handle@@PEAUpacket_addr_t@@H@Z 000000014000a210 f   packet.obj
 0001:000093d0       ?packetBind@@YA?AW4packet_error_t@@PEAUpacket_handle@@G@Z 000000014000a3d0 f   packet.obj
 0001:000094d0       ??_U@YAPEAX_K@Z            000000014000a4d0 f   msvcprt:newaop_s.obj
 0001:000094f0       __security_check_cookie    000000014000a4f0 f   MSVCRT:amdsecgs.obj
 0001:00009510       ?what@exception@std@@UEBAPEBDXZ 000000014000a510 f   MSVCRT:MSVCR100.dll
 0001:00009516       ??0exception@std@@QEAA@AEBV01@@Z 000000014000a516 f   MSVCRT:MSVCR100.dll
 0001:0000951c       _onexit                    000000014000a51c f   MSVCRT:atonexit.obj
 0001:000095cc       atexit                     000000014000a5cc f   MSVCRT:atonexit.obj
 0001:000095e4       ??3@YAXPEAX@Z              000000014000a5e4 f   MSVCRT:MSVCR100.dll
 0001:000095ec       ??_Etype_info@@UEAAPEAXI@Z 000000014000a5ec f i MSVCRT:ti_inst.obj
 0001:00009656       ??2@YAPEAX_K@Z             000000014000a656 f   MSVCRT:MSVCR100.dll
 0001:0000965c       _purecall                  000000014000a65c f   MSVCRT:MSVCR100.dll
 0001:0000991c       mainCRTStartup             000000014000a91c f   MSVCRT:crtexe.obj
 0001:00009930       __report_gsfailure         000000014000a930 f   MSVCRT:gs_report.obj
 0001:00009a7a       __C_specific_handler       000000014000aa7a f   MSVCRT:MSVCR100.dll
 0001:00009a80       _unlock                    000000014000aa80 f   MSVCRT:MSVCR100.dll
 0001:00009a86       __dllonexit                000000014000aa86 f   MSVCRT:MSVCR100.dll
 0001:00009a8c       _lock                      000000014000aa8c f   MSVCRT:MSVCR100.dll
 0001:00009a94       ?__ArrayUnwind@@YAXPEAX_KHP6AX0@Z@Z 000000014000aa94 f   MSVCRT:ehvecdtr.obj
 0001:00009ae0       ??_M@YAXPEAX_KHP6AX0@Z@Z   000000014000aae0 f   MSVCRT:ehvecdtr.obj
 0001:00009b40       ?__CxxUnhandledExceptionFilter@@YAJPEAU_EXCEPTION_POINTERS@@@Z 000000014000ab40 f   MSVCRT:unhandld.obj
 0001:00009b84       __CxxSetUnhandledExceptionFilter 000000014000ab84 f   MSVCRT:unhandld.obj
 0001:00009b9c       _amsg_exit                 000000014000ab9c f   MSVCRT:MSVCR100.dll
 0001:00009ba4       _RTC_Initialize            000000014000aba4 f   MSVCRT:_initsect_.obj
 0001:00009bdc       _RTC_Terminate             000000014000abdc f   MSVCRT:_initsect_.obj
 0001:00009c14       _XcptFilter                000000014000ac14 f   MSVCRT:MSVCR100.dll
 0001:00009c20       _ValidateImageBase         000000014000ac20 f   MSVCRT:pesect.obj
 0001:00009c50       _FindPESection             000000014000ac50 f   MSVCRT:pesect.obj
 0001:00009ca0       _IsNonwritableInCurrentImage 000000014000aca0 f   MSVCRT:pesect.obj
 0001:00009ce2       _initterm                  000000014000ace2 f   MSVCRT:MSVCR100.dll
 0001:00009ce8       _initterm_e                000000014000ace8 f   MSVCRT:MSVCR100.dll
 0001:00009cf0       _matherr                   000000014000acf0 f   MSVCRT:merr.obj
 0001:00009cf0       _setargv                   000000014000acf0 f   MSVCRT:dllargv.obj
 0001:00009cf4       __security_init_cookie     000000014000acf4 f   MSVCRT:gs_support.obj
 0001:00009da8       __crt_debugger_hook        000000014000ada8 f   MSVCRT:MSVCR100.dll
 0001:00009dae       ?terminate@@YAXXZ          000000014000adae f   MSVCRT:MSVCR100.dll
 0001:00009db4       ??1type_info@@UEAA@XZ      000000014000adb4 f   MSVCRT:MSVCR100.dll
 0001:00009db4       ?_type_info_dtor_internal_method@type_info@@QEAAXXZ 000000014000adb4 f   MSVCRT:MSVCR100.dll
 0001:00009dba       RtlVirtualUnwind           000000014000adba f   kernel32:KERNEL32.dll
 0001:00009dc0       RtlLookupFunctionEntry     000000014000adc0 f   kernel32:KERNEL32.dll
 0001:00009dc6       memcpy                     000000014000adc6 f   MSVCRT:MSVCR100.dll
 0001:00009dcc       __GSHandlerCheckCommon     000000014000adcc f   MSVCRT:gshandler.obj
 0001:00009e30       __GSHandlerCheck           000000014000ae30 f   MSVCRT:gshandler.obj
 0001:00009e60       __chkstk                   000000014000ae60 f   MSVCRT:chkstk.obj
 0001:00009e60       _alloca_probe              000000014000ae60     MSVCRT:chkstk.obj
 0001:00009eae       memcmp                     000000014000aeae f   MSVCRT:MSVCR100.dll
 0001:00009eb4       _CxxThrowException         000000014000aeb4 f   MSVCRT:MSVCR100.dll
 0001:00009eba       __CxxFrameHandler3         000000014000aeba f   MSVCRT:MSVCR100.dll
 0001:00009ec0       __RTDynamicCast            000000014000aec0 f   MSVCRT:MSVCR100.dll
 0001:00009ec8       __GSHandlerCheck_EH        000000014000aec8 f   MSVCRT:gshandlereh.obj
 0001:00009f58       memset                     000000014000af58 f   MSVCRT:MSVCR100.dll
 0002:00000000       __imp_GetAdaptersAddresses 000000014000c000     Iphlpapi:IPHLPAPI.DLL
 0002:00000008       \177IPHLPAPI_NULL_THUNK_DATA 000000014000c008     Iphlpapi:IPHLPAPI.DLL
 0002:00000010       __imp_GetCurrentProcess    000000014000c010     kernel32:KERNEL32.dll
 0002:00000018       __imp_TerminateProcess     000000014000c018     kernel32:KERNEL32.dll
 0002:00000020       __imp_DecodePointer        000000014000c020     kernel32:KERNEL32.dll
 0002:00000028       __imp_GetSystemTimeAsFileTime 000000014000c028     kernel32:KERNEL32.dll
 0002:00000030       __imp_UnhandledExceptionFilter 000000014000c030     kernel32:KERNEL32.dll
 0002:00000038       __imp_SetUnhandledExceptionFilter 000000014000c038     kernel32:KERNEL32.dll
 0002:00000040       __imp_RtlVirtualUnwind     000000014000c040     kernel32:KERNEL32.dll
 0002:00000048       __imp_GetCurrentProcessId  000000014000c048     kernel32:KERNEL32.dll
 0002:00000050       __imp_GetTickCount         000000014000c050     kernel32:KERNEL32.dll
 0002:00000058       __imp_QueryPerformanceCounter 000000014000c058     kernel32:KERNEL32.dll
 0002:00000060       __imp_RtlCaptureContext    000000014000c060     kernel32:KERNEL32.dll
 0002:00000068       __imp_RtlLookupFunctionEntry 000000014000c068     kernel32:KERNEL32.dll
 0002:00000070       __imp_CreateFileA          000000014000c070     kernel32:KERNEL32.dll
 0002:00000078       __imp_CreateTimerQueue     000000014000c078     kernel32:KERNEL32.dll
 0002:00000080       __imp_WaitForSingleObject  000000014000c080     kernel32:KERNEL32.dll
 0002:00000088       __imp_ReleaseSRWLockExclusive 000000014000c088     kernel32:KERNEL32.dll
 0002:00000090       __imp_WriteFile            000000014000c090     kernel32:KERNEL32.dll
 0002:00000098       __imp_AcquireSRWLockExclusive 000000014000c098     kernel32:KERNEL32.dll
 0002:000000a0       __imp_Sleep                000000014000c0a0     kernel32:KERNEL32.dll
 0002:000000a8       __imp_InitializeConditionVariable 000000014000c0a8     kernel32:KERNEL32.dll
 0002:000000b0       __imp_GetLastError         000000014000c0b0     kernel32:KERNEL32.dll
 0002:000000b8       __imp_SleepConditionVariableSRW 000000014000c0b8     kernel32:KERNEL32.dll
 0002:000000c0       __imp_CreateNamedPipeA     000000014000c0c0     kernel32:KERNEL32.dll
 0002:000000c8       __imp_CreateTimerQueueTimer 000000014000c0c8     kernel32:KERNEL32.dll
 0002:000000d0       __imp_InitializeSRWLock    000000014000c0d0     kernel32:KERNEL32.dll
 0002:000000d8       __imp_SetConsoleCtrlHandler 000000014000c0d8     kernel32:KERNEL32.dll
 0002:000000e0       __imp_DeviceIoControl      000000014000c0e0     kernel32:KERNEL32.dll
 0002:000000e8       __imp_WakeAllConditionVariable 000000014000c0e8     kernel32:KERNEL32.dll
 0002:000000f0       __imp_CreateMutexA         000000014000c0f0     kernel32:KERNEL32.dll
 0002:000000f8       __imp_GetCurrentThreadId   000000014000c0f8     kernel32:KERNEL32.dll
 0002:00000100       __imp_ReleaseMutex         000000014000c100     kernel32:KERNEL32.dll
 0002:00000108       __imp_CloseHandle          000000014000c108     kernel32:KERNEL32.dll
 0002:00000110       __imp_DeleteTimerQueueTimer 000000014000c110     kernel32:KERNEL32.dll
 0002:00000118       __imp_CreateThread         000000014000c118     kernel32:KERNEL32.dll
 0002:00000120       __imp_EncodePointer        000000014000c120     kernel32:KERNEL32.dll
 0002:00000128       __imp_IsDebuggerPresent    000000014000c128     kernel32:KERNEL32.dll
 0002:00000130       \177KERNEL32_NULL_THUNK_DATA 000000014000c130     kernel32:KERNEL32.dll
 0002:00000138       __imp_?_Xout_of_range@std@@YAXPEBD@Z 000000014000c138     msvcprt:MSVCP100.dll
 0002:00000140       __imp_?_Xlength_error@std@@YAXPEBD@Z 000000014000c140     msvcprt:MSVCP100.dll
 0002:00000148       \177MSVCP100_NULL_THUNK_DATA 000000014000c148     msvcprt:MSVCP100.dll
 0002:00000150       __imp_??0exception@std@@QEAA@AEBQEBD@Z 000000014000c150     MSVCRT:MSVCR100.dll
 0002:00000158       __imp_??0exception@std@@QEAA@AEBV01@@Z 000000014000c158     MSVCRT:MSVCR100.dll
 0002:00000160       __imp_??1exception@std@@UEAA@XZ 000000014000c160     MSVCRT:MSVCR100.dll
 0002:00000168       __imp_??2@YAPEAX_K@Z       000000014000c168     MSVCRT:MSVCR100.dll
 0002:00000170       __imp_abort                000000014000c170     MSVCRT:MSVCR100.dll
 0002:00000178       __imp___iob_func           000000014000c178     MSVCRT:MSVCR100.dll
 0002:00000180       __imp_fprintf              000000014000c180     MSVCRT:MSVCR100.dll
 0002:00000188       __imp_strncpy_s            000000014000c188     MSVCRT:MSVCR100.dll
 0002:00000190       __imp_memset               000000014000c190     MSVCRT:MSVCR100.dll
 0002:00000198       __imp_strtol               000000014000c198     MSVCRT:MSVCR100.dll
 0002:000001a0       __imp_strnlen              000000014000c1a0     MSVCRT:MSVCR100.dll
 0002:000001a8       __imp__purecall            000000014000c1a8     MSVCRT:MSVCR100.dll
 0002:000001b0       __imp_sprintf_s            000000014000c1b0     MSVCRT:MSVCR100.dll
 0002:000001b8       __imp_free                 000000014000c1b8     MSVCRT:MSVCR100.dll
 0002:000001c0       __imp_malloc               000000014000c1c0     MSVCRT:MSVCR100.dll
 0002:000001c8       __imp_strcpy_s             000000014000c1c8     MSVCRT:MSVCR100.dll
 0002:000001d0       __imp___C_specific_handler 000000014000c1d0     MSVCRT:MSVCR100.dll
 0002:000001d8       __imp__unlock              000000014000c1d8     MSVCRT:MSVCR100.dll
 0002:000001e0       __imp_?what@exception@std@@UEBAPEBDXZ 000000014000c1e0     MSVCRT:MSVCR100.dll
 0002:000001e8       __imp__lock                000000014000c1e8     MSVCRT:MSVCR100.dll
 0002:000001f0       __imp__onexit              000000014000c1f0     MSVCRT:MSVCR100.dll
 0002:000001f8       __imp__amsg_exit           000000014000c1f8     MSVCRT:MSVCR100.dll
 0002:00000200       __imp___getmainargs        000000014000c200     MSVCRT:MSVCR100.dll
 0002:00000208       __imp__XcptFilter          000000014000c208     MSVCRT:MSVCR100.dll
 0002:00000210       __imp__exit                000000014000c210     MSVCRT:MSVCR100.dll
 0002:00000218       __imp__cexit               000000014000c218     MSVCRT:MSVCR100.dll
 0002:00000220       __imp_exit                 000000014000c220     MSVCRT:MSVCR100.dll
 0002:00000228       __imp___initenv            000000014000c228     MSVCRT:MSVCR100.dll
 0002:00000230       __imp__initterm            000000014000c230     MSVCRT:MSVCR100.dll
 0002:00000238       __imp__initterm_e          000000014000c238     MSVCRT:MSVCR100.dll
 0002:00000240       __imp__configthreadlocale  000000014000c240     MSVCRT:MSVCR100.dll
 0002:00000248       __imp___setusermatherr     000000014000c248     MSVCRT:MSVCR100.dll
 0002:00000250       __imp__commode             000000014000c250     MSVCRT:MSVCR100.dll
 0002:00000258       __imp__fmode               000000014000c258     MSVCRT:MSVCR100.dll
 0002:00000260       __imp___set_app_type       000000014000c260     MSVCRT:MSVCR100.dll
 0002:00000268       __imp___crt_debugger_hook  000000014000c268     MSVCRT:MSVCR100.dll
 0002:00000270       __imp_?terminate@@YAXXZ    000000014000c270     MSVCRT:MSVCR100.dll
 0002:00000278       __imp_?_type_info_dtor_internal_method@type_info@@QEAAXXZ 000000014000c278     MSVCRT:MSVCR100.dll
 0002:00000280       __imp___dllonexit          000000014000c280     MSVCRT:MSVCR100.dll
 0002:00000288       __imp_memcpy               000000014000c288     MSVCRT:MSVCR100.dll
 0002:00000290       __imp_memcmp               000000014000c290     MSVCRT:MSVCR100.dll
 0002:00000298       __imp__CxxThrowException   000000014000c298     MSVCRT:MSVCR100.dll
 0002:000002a0       __imp___CxxFrameHandler3   000000014000c2a0     MSVCRT:MSVCR100.dll
 0002:000002a8       __imp___RTDynamicCast      000000014000c2a8     MSVCRT:MSVCR100.dll
 0002:000002b0       __imp_??3@YAXPEAX@Z        000000014000c2b0     MSVCRT:MSVCR100.dll
 0002:000002b8       __imp_printf               000000014000c2b8     MSVCRT:MSVCR100.dll
 0002:000002c0       \177MSVCR100_NULL_THUNK_DATA 000000014000c2c0     MSVCRT:MSVCR100.dll
 0002:000002c8       __imp_ntohl                000000014000c2c8     ws2_32:WS2_32.dll
 0002:000002d0       __imp_htonl                000000014000c2d0     ws2_32:WS2_32.dll
 0002:000002d8       __imp_ntohs                000000014000c2d8     ws2_32:WS2_32.dll
 0002:000002e0       __imp_htons                000000014000c2e0     ws2_32:WS2_32.dll
 0002:000002e8       \177WS2_32_NULL_THUNK_DATA 000000014000c2e8     ws2_32:WS2_32.dll
 0002:000002f0       __imp_pcap_close           000000014000c2f0     wpcap:wpcap.dll
 0002:000002f8       __imp_pcap_setfilter       000000014000c2f8     wpcap:wpcap.dll
 0002:00000300       __imp_pcap_next_ex         000000014000c300     wpcap:wpcap.dll
 0002:00000308       __imp_pcap_sendpacket      000000014000c308     wpcap:wpcap.dll
 0002:00000310       __imp_pcap_compile         000000014000c310     wpcap:wpcap.dll
 0002:00000318       __imp_pcap_open            000000014000c318     wpcap:wpcap.dll
 0002:00000320       \177wpcap_NULL_THUNK_DATA  000000014000c320     wpcap:wpcap.dll
 0002:00000328       __xc_a                     000000014000c328     MSVCRT:cinitexe.obj
 0002:00000350       __xc_z                     000000014000c350     MSVCRT:cinitexe.obj
 0002:00000358       __xi_a                     000000014000c358     MSVCRT:cinitexe.obj
 0002:00000370       __xi_z                     000000014000c370     MSVCRT:cinitexe.obj
 0002:000003a8       ??_7type_info@@6B@         000000014000c3a8     MSVCRT:ti_inst.obj
 0002:000003c0       ??_C@_0BM@PAPJHAGI@invalid?5map?1set?$DMT?$DO?5iterator?$AA@ 000000014000c3c0     avbts_osnet.obj
 0002:000003e8       ??_7bad_alloc@std@@6B@     000000014000c3e8     avbts_osnet.obj
 0002:000003f8       ??_C@_07DOAOMMKG@Enabled?$AA@ 000000014000c3f8     ieee1588port.obj
 0002:00000400       ??_C@_08JGILNPHN@Disabled?$AA@ 000000014000c400     ieee1588port.obj
 0002:00000410       ??_C@_0P@MNFODPHI@AsCapable?3?5?$CFs?6?$AA@ 000000014000c410     ieee1588port.obj
 0002:00000420       ??_C@_0CB@NKHFMBCL@?4?4?2?4?4?2?4?4?2common?2ieee1588port?4cpp@ 000000014000c420     ieee1588port.obj
 0002:00000450       ??_C@_0GF@MDOAJEFI@ERROR?5at?5?$CFu?5in?5?$CFs?3?5Failed?5to?5ini@ 000000014000c450     ieee1588port.obj
 0002:000004b8       ??_C@_07DLHCIBDH@default?$AA@ 000000014000c4b8     ieee1588port.obj
 0002:000004c0       ??_C@_0BK@DFGFBKIK@openPort?3?5thread?5started?6?$AA@ 000000014000c4c0     ieee1588port.obj
 0002:000004e0       ??_C@_0CP@OBBALOF@ERROR?5at?5?$CFu?5in?5?$CFs?3?5Discarding?5in@ 000000014000c4e0     ieee1588port.obj
 0002:00000510       ??_C@_0DH@EKGLNKDB@ERROR?5at?5?$CFu?5in?5?$CFs?3?5read?5from?5net@ 000000014000c510     ieee1588port.obj
 0002:00000548       ??_C@_0CN@JABMLKGN@ERROR?5at?5?$CFu?5in?5?$CFs?3?5sendEventPort@ 000000014000c548     ieee1588port.obj
 0002:00000578       ??_C@_0BG@CGMOFACK@Starting?5port?5thread?6?$AA@ 000000014000c578     ieee1588port.obj
 0002:00000590       ??_C@_0DA@JEOMFCHP@ERROR?5at?5?$CFu?5in?5?$CFs?3?5Error?5creatin@ 000000014000c590     ieee1588port.obj
 0002:000005c0       ??_C@_01EEMJAFIK@?6?$AA@   000000014000c5c0     ieee1588port.obj
 0002:000005c8       ??_C@_0CP@NPGACHBF@?$CK?$CK?$CKSync?5Timeout?5Expired?5?9?5Becomi@ 000000014000c5c8     ieee1588port.obj
 0002:00000600       ??_C@_0EA@FIDILCHK@Error?5?$CITX?$CJ?5timestamping?5PDelay?5r@ 000000014000c600     ieee1588port.obj
 0002:00000640       ??_C@_0DE@BANOKGOL@Error?5?$CITX?$CJ?5timestamping?5PDelay?5r@ 000000014000c640     ieee1588port.obj
 0002:00000678       ??_C@_0DD@OGAMEIIA@Error?5?$CITX?$CJ?5timestamping?5Sync?5?$CIRe@ 000000014000c678     ieee1588port.obj
 0002:000006b0       ??_C@_0CK@JAJCOOCC@Error?5?$CITX?$CJ?5timestamping?5Sync?0?5er@ 000000014000c6b0     ieee1588port.obj
 0002:000006e0       ??_C@_0CD@KBDOGJHF@PDelay?5Response?5Followup?5is?5NULL@ 000000014000c6e0     ieee1588port.obj
 0002:00000708       ??_C@_0BF@CMGMJLA@Switching?5to?5Master?6?$AA@ 000000014000c708     ieee1588port.obj
 0002:00000720       ??_C@_0BE@JHDPFIAH@Switching?5to?5Slave?6?$AA@ 000000014000c720     ieee1588port.obj
 0002:00000738       ??_C@_0BE@JONHPENG@map?1set?$DMT?$DO?5too?5long?$AA@ 000000014000c738     ieee1588port.obj
 0002:00000758       ??_7LinkLayerAddress@@6B@  000000014000c758     ieee1588port.obj
 0002:00000768       ??_7InterfaceLabel@@6B@    000000014000c768     ieee1588port.obj
 0002:00000770       ??_C@_0DO@EBENJJMN@Error?5?$CIRX?$CJ?5timestamping?5RX?5event@ 000000014000c770     ptp_message.obj
 0002:000007b0       ??_C@_0CA@LPEMILMO@?4?4?2?4?4?2?4?4?2common?2ptp_message?4cpp?$AA@ 000000014000c7b0     ptp_message.obj
 0002:000007d0       ??_C@_0HH@MLCBNOMP@ERROR?5at?5?$CFu?5in?5?$CFs?3?5?$CK?$CK?$CK?5Received?5@ 000000014000c7d0     ptp_message.obj
 0002:00000848       ??_C@_0DK@JNCBBDII@ERROR?5at?5?$CFu?5in?5?$CFs?3?5Received?5unsu@ 000000014000c848     ptp_message.obj
 0002:00000890       ??_C@_0EE@GKDAOEGN@ERROR?5at?5?$CFu?5in?5?$CFs?3?5Received?5Foll@ 000000014000c890     ptp_message.obj
 0002:000008e0       ??_C@_0EK@GKBMCKE@ERROR?5at?5?$CFu?5in?5?$CFs?3?5Received?5Foll@ 000000014000c8e0     ptp_message.obj
 0002:00000930       ??_C@_0EB@NKLDNAPB@Error?5?$CITX?$CJ?5timestamping?5PDelay?5R@ 000000014000c930     ptp_message.obj
 0002:00000978       ??_C@_0DF@LCPJCKOO@Error?5?$CITX?$CJ?5timestamping?5PDelay?5R@ 000000014000c978     ptp_message.obj
 0002:000009b0       ??_C@_0BO@DLMECCKO@Failed?5to?5get?5PDelay?5RX?5Lock?6?$AA@ 000000014000c9b0     ptp_message.obj
 0002:000009d0       ??_C@_0EH@DDBECIOJ@ERROR?5at?5?$CFu?5in?5?$CFs?3?5?$DO?$DO?$DO?5Received?5@ 000000014000c9d0     ptp_message.obj
 0002:00000a20       ??_C@_0EI@NNLKEKEC@ERROR?5at?5?$CFu?5in?5?$CFs?3?5?$DO?$DO?$DO?5Received?5@ 000000014000ca20     ptp_message.obj
 0002:00000a70       ??_C@_0FN@HBGJNHBE@ERROR?5at?5?$CFu?5in?5?$CFs?3?5Received?5PDel@ 000000014000ca70     ptp_message.obj
 0002:00000ad0       ??_C@_0CC@DILPCBD@ERROR?5at?5?$CFu?5in?5?$CFs?3?5My?5SeqId?3?5?$CFu?5@ 000000014000cad0     ptp_message.obj
 0002:00000af8       ??_C@_0CF@BHKGMNAC@ERROR?5at?5?$CFu?5in?5?$CFs?3?5Their?5SeqId?3?5@ 000000014000caf8     ptp_message.obj
 0002:00000b20       ??_C@_0FO@BHOOLJAL@ERROR?5at?5?$CFu?5in?5?$CFs?3?5Received?5PDel@ 000000014000cb20     ptp_message.obj
 0002:00000b80       ??_C@_0CH@FHAMNBPF@ERROR?5at?5?$CFu?5in?5?$CFs?3?5?$CFhu?0?5?$CFhu?0?5?$CFhu@ 000000014000cb80     ptp_message.obj
 0002:00000ba8       ??_C@_0BB@MOGOBHAF@list?$DMT?$DO?5too?5long?$AA@ 000000014000cba8     ptp_message.obj
 0002:00000bc8       ??_7PTPMessageCommon@@6B@  000000014000cbc8     ptp_message.obj
 0002:00000be0       ??_7PTPMessageSync@@6B@    000000014000cbe0     ptp_message.obj
 0002:00000bf8       ??_7PTPMessageAnnounce@@6B@ 000000014000cbf8     ptp_message.obj
 0002:00000c10       ??_7PTPMessagePathDelayReq@@6B@ 000000014000cc10     ptp_message.obj
 0002:00000c28       ??_7PTPMessagePathDelayResp@@6B@ 000000014000cc28     ptp_message.obj
 0002:00000c40       ??_7PTPMessagePathDelayRespFollowUp@@6B@ 000000014000cc40     ptp_message.obj
 0002:00000c58       ??_7PTPMessageFollowUp@@6B@ 000000014000cc58     ptp_message.obj
 0002:00000c68       ??_C@_04GBDIODIA@?2?2?4?2?$AA@ 000000014000cc68     daemon_cl.obj
 0002:00000c70       ??_C@_09IPJPBDHI@?2?2?4?2pipe?2?$AA@ 000000014000cc70     daemon_cl.obj
 0002:00000c80       ??_C@_0M@FKJIJDJM@gptp?9update?$AA@ 000000014000cc80     daemon_cl.obj
 0002:00000c90       ??_C@_0BL@JMMFGJEE@Failed?5to?5initialize?5port?6?$AA@ 000000014000cc90     daemon_cl.obj
 0002:00000cb0       ??_C@_0CD@KNEPODGG@Unable?5to?5register?5Ctrl?9C?5handle@ 000000014000ccb0     daemon_cl.obj
 0002:00000ce8       ??_7HWTimestamper@@6B@     000000014000cce8     daemon_cl.obj
 0002:00000d40       ??_7WindowsPCAPNetworkInterface@@6B@ 000000014000cd40     daemon_cl.obj
 0002:00000d70       ??_7WindowsPCAPNetworkInterfaceFactory@@6B@ 000000014000cd70     daemon_cl.obj
 0002:00000d80       ??_7WindowsLock@@6B@       000000014000cd80     daemon_cl.obj
 0002:00000da0       ??_7WindowsLockFactory@@6B@ 000000014000cda0     daemon_cl.obj
 0002:00000db0       ??_7WindowsCondition@@6B@  000000014000cdb0     daemon_cl.obj
 0002:00000dd0       ??_7WindowsConditionFactory@@6B@ 000000014000cdd0     daemon_cl.obj
 0002:00000de0       ??_7WindowsTimerQueue@@6B@ 000000014000cde0     daemon_cl.obj
 0002:00000df8       ??_7WindowsTimerQueueFactory@@6B@ 000000014000cdf8     daemon_cl.obj
 0002:00000e08       ??_7WindowsTimer@@6B@      000000014000ce08     daemon_cl.obj
 0002:00000e18       ??_7WindowsTimerFactory@@6B@ 000000014000ce18     daemon_cl.obj
 0002:00000e28       ??_7WindowsThread@@6B@     000000014000ce28     daemon_cl.obj
 0002:00000e40       ??_7WindowsThreadFactory@@6B@ 000000014000ce40     daemon_cl.obj
 0002:00000e58       ??_7WindowsTimestamper@@6B@ 000000014000ce58     daemon_cl.obj
 0002:00000eb0       ??_7WindowsNamedPipeIPC@@6B@ 000000014000ceb0     daemon_cl.obj
 0002:00000ec0       ??_C@_0BF@EIMMNHOL@rpcap?3?1?1?2Device?2NPF_?$AA@ 000000014000cec0     packet.obj
 0002:00000ed8       ??_C@_0N@IELFOPPD@Opening?3?5?$CFs?6?$AA@ 000000014000ced8     packet.obj
 0002:00000ee8       ??_C@_0P@CMACLOMI@ether?5proto?50x?$AA@ 000000014000cee8     packet.obj
 0002:00000ef8       ??_C@_03OIHFBGIJ@?$CFhx?$AA@ 000000014000cef8     packet.obj
 0002:00000f00       __real@43e0000000000000    000000014000cf00      CIL library: CIL module
 0002:00000f08       __real@41cdcd6500000000    000000014000cf08      CIL library: CIL module
 0002:00000f10       __real@43f0000000000000    000000014000cf10      CIL library: CIL module
 0002:00000f18       __real@3ff0e5604189374c    000000014000cf18      CIL library: CIL module
 0002:00000f20       __real@3ff0000000000000    000000014000cf20      CIL library: CIL module
 0002:00000fc8       __real@4008000000000000    000000014000cfc8      CIL library: CIL module
 0002:00000fd0       __real@4000000000000000    000000014000cfd0      CIL library: CIL module
 0002:00001050       __real@4024000000000000    000000014000d050      CIL library: CIL module
 0002:00001410       ??_R4type_info@@6B@        000000014000d410     MSVCRT:ti_inst.obj
 0002:00001438       ??_R3type_info@@8          000000014000d438     MSVCRT:ti_inst.obj
 0002:00001450       ??_R2type_info@@8          000000014000d450     MSVCRT:ti_inst.obj
 0002:00001460       ??_R1A@?0A@EA@type_info@@8 000000014000d460     MSVCRT:ti_inst.obj
 0002:00001488       ??_R4bad_alloc@std@@6B@    000000014000d488     avbts_osnet.obj
 0002:000014b0       ??_R3bad_alloc@std@@8      000000014000d4b0     avbts_osnet.obj
 0002:000014c8       ??_R2bad_alloc@std@@8      000000014000d4c8     avbts_osnet.obj
 0002:000014e0       ??_R1A@?0A@EA@exception@std@@8 000000014000d4e0     avbts_osnet.obj
 0002:00001508       ??_R3exception@std@@8      000000014000d508     avbts_osnet.obj
 0002:00001520       ??_R2exception@std@@8      000000014000d520     avbts_osnet.obj
 0002:00001530       ??_R1A@?0A@EA@bad_alloc@std@@8 000000014000d530     avbts_osnet.obj
 0002:00001558       ??_R4InterfaceLabel@@6B@   000000014000d558     ieee1588port.obj
 0002:00001580       ??_R4LinkLayerAddress@@6B@ 000000014000d580     ieee1588port.obj
 0002:000015a8       ??_R3LinkLayerAddress@@8   000000014000d5a8     ieee1588port.obj
 0002:000015c0       ??_R2LinkLayerAddress@@8   000000014000d5c0     ieee1588port.obj
 0002:000015d8       ??_R1A@?0A@EA@InterfaceLabel@@8 000000014000d5d8     ieee1588port.obj
 0002:00001600       ??_R3InterfaceLabel@@8     000000014000d600     ieee1588port.obj
 0002:00001618       ??_R2InterfaceLabel@@8     000000014000d618     ieee1588port.obj
 0002:00001628       ??_R1A@?0A@EA@LinkLayerAddress@@8 000000014000d628     ieee1588port.obj
 0002:00001650       ??_R4PTPMessageFollowUp@@6B@ 000000014000d650     ptp_message.obj
 0002:00001678       ??_R3PTPMessageFollowUp@@8 000000014000d678     ptp_message.obj
 0002:00001690       ??_R2PTPMessageFollowUp@@8 000000014000d690     ptp_message.obj
 0002:000016a8       ??_R1A@?0A@EA@PTPMessageFollowUp@@8 000000014000d6a8     ptp_message.obj
 0002:000016d0       ??_R4PTPMessagePathDelayRespFollowUp@@6B@ 000000014000d6d0     ptp_message.obj
 0002:000016f8       ??_R3PTPMessagePathDelayRespFollowUp@@8 000000014000d6f8     ptp_message.obj
 0002:00001710       ??_R2PTPMessagePathDelayRespFollowUp@@8 000000014000d710     ptp_message.obj
 0002:00001728       ??_R1A@?0A@EA@PTPMessagePathDelayRespFollowUp@@8 000000014000d728     ptp_message.obj
 0002:00001750       ??_R4PTPMessagePathDelayResp@@6B@ 000000014000d750     ptp_message.obj
 0002:00001778       ??_R3PTPMessagePathDelayResp@@8 000000014000d778     ptp_message.obj
 0002:00001790       ??_R2PTPMessagePathDelayResp@@8 000000014000d790     ptp_message.obj
 0002:000017a8       ??_R1A@?0A@EA@PTPMessagePathDelayResp@@8 000000014000d7a8     ptp_message.obj
 0002:000017d0       ??_R4PTPMessagePathDelayReq@@6B@ 000000014000d7d0     ptp_message.obj
 0002:000017f8       ??_R3PTPMessagePathDelayReq@@8 000000014000d7f8     ptp_message.obj
 0002:00001810       ??_R2PTPMessagePathDelayReq@@8 000000014000d810     ptp_message.obj
 0002:00001828       ??_R1A@?0A@EA@PTPMessagePathDelayReq@@8 000000014000d828     ptp_message.obj
 0002:00001850       ??_R4PTPMessageAnnounce@@6B@ 000000014000d850     ptp_message.obj
 0002:00001878       ??_R3PTPMessageAnnounce@@8 000000014000d878     ptp_message.obj
 0002:00001890       ??_R2PTPMessageAnnounce@@8 000000014000d890     ptp_message.obj
 0002:000018a8       ??_R1A@?0A@EA@PTPMessageAnnounce@@8 000000014000d8a8     ptp_message.obj
 0002:000018d0       ??_R4PTPMessageSync@@6B@   000000014000d8d0     ptp_message.obj
 0002:000018f8       ??_R3PTPMessageSync@@8     000000014000d8f8     ptp_message.obj
 0002:00001910       ??_R2PTPMessageSync@@8     000000014000d910     ptp_message.obj
 0002:00001928       ??_R1A@?0A@EA@PTPMessageSync@@8 000000014000d928     ptp_message.obj
 0002:00001950       ??_R4PTPMessageCommon@@6B@ 000000014000d950     ptp_message.obj
 0002:00001978       ??_R3PTPMessageCommon@@8   000000014000d978     ptp_message.obj
 0002:00001990       ??_R2PTPMessageCommon@@8   000000014000d990     ptp_message.obj
 0002:000019a0       ??_R1A@?0A@EA@PTPMessageCommon@@8 000000014000d9a0     ptp_message.obj
 0002:000019c8       ??_R4WindowsNamedPipeIPC@@6B@ 000000014000d9c8     daemon_cl.obj
 0002:000019f0       ??_R3WindowsNamedPipeIPC@@8 000000014000d9f0     daemon_cl.obj
 0002:00001a08       ??_R2WindowsNamedPipeIPC@@8 000000014000da08     daemon_cl.obj
 0002:00001a20       ??_R1A@?0A@EA@WindowsNamedPipeIPC@@8 000000014000da20     daemon_cl.obj
 0002:00001a48       ??_R4WindowsTimestamper@@6B@ 000000014000da48     daemon_cl.obj
 0002:00001a70       ??_R3WindowsTimestamper@@8 000000014000da70     daemon_cl.obj
 0002:00001a88       ??_R2WindowsTimestamper@@8 000000014000da88     daemon_cl.obj
 0002:00001aa0       ??_R1A@?0A@EA@WindowsTimestamper@@8 000000014000daa0     daemon_cl.obj
 0002:00001ac8       ??_R4WindowsThreadFactory@@6B@ 000000014000dac8     daemon_cl.obj
 0002:00001af0       ??_R3WindowsThreadFactory@@8 000000014000daf0     daemon_cl.obj
 0002:00001b08       ??_R2WindowsThreadFactory@@8 000000014000db08     daemon_cl.obj
 0002:00001b20       ??_R1A@?0A@EA@WindowsThreadFactory@@8 000000014000db20     daemon_cl.obj
 0002:00001b48       ??_R4WindowsThread@@6B@    000000014000db48     daemon_cl.obj
 0002:00001b70       ??_R3WindowsThread@@8      000000014000db70     daemon_cl.obj
 0002:00001b88       ??_R2WindowsThread@@8      000000014000db88     daemon_cl.obj
 0002:00001ba0       ??_R1A@?0A@EA@WindowsThread@@8 000000014000dba0     daemon_cl.obj
 0002:00001bc8       ??_R4WindowsTimerFactory@@6B@ 000000014000dbc8     daemon_cl.obj
 0002:00001bf0       ??_R3WindowsTimerFactory@@8 000000014000dbf0     daemon_cl.obj
 0002:00001c08       ??_R2WindowsTimerFactory@@8 000000014000dc08     daemon_cl.obj
 0002:00001c20       ??_R1A@?0A@EA@WindowsTimerFactory@@8 000000014000dc20     daemon_cl.obj
 0002:00001c48       ??_R4WindowsTimer@@6B@     000000014000dc48     daemon_cl.obj
 0002:00001c70       ??_R3WindowsTimer@@8       000000014000dc70     daemon_cl.obj
 0002:00001c88       ??_R2WindowsTimer@@8       000000014000dc88     daemon_cl.obj
 0002:00001ca0       ??_R1A@?0A@EA@WindowsTimer@@8 000000014000dca0     daemon_cl.obj
 0002:00001cc8       ??_R4WindowsTimerQueueFactory@@6B@ 000000014000dcc8     daemon_cl.obj
 0002:00001cf0       ??_R3WindowsTimerQueueFactory@@8 000000014000dcf0     daemon_cl.obj
 0002:00001d08       ??_R2WindowsTimerQueueFactory@@8 000000014000dd08     daemon_cl.obj
 0002:00001d20       ??_R1A@?0A@EA@WindowsTimerQueueFactory@@8 000000014000dd20     daemon_cl.obj
 0002:00001d48       ??_R4WindowsTimerQueue@@6B@ 000000014000dd48     daemon_cl.obj
 0002:00001d70       ??_R3WindowsTimerQueue@@8  000000014000dd70     daemon_cl.obj
 0002:00001d88       ??_R2WindowsTimerQueue@@8  000000014000dd88     daemon_cl.obj
 0002:00001da0       ??_R1A@?0A@EA@WindowsTimerQueue@@8 000000014000dda0     daemon_cl.obj
 0002:00001dc8       ??_R4WindowsConditionFactory@@6B@ 000000014000ddc8     daemon_cl.obj
 0002:00001df0       ??_R3WindowsConditionFactory@@8 000000014000ddf0     daemon_cl.obj
 0002:00001e08       ??_R2WindowsConditionFactory@@8 000000014000de08     daemon_cl.obj
 0002:00001e20       ??_R1A@?0A@EA@WindowsConditionFactory@@8 000000014000de20     daemon_cl.obj
 0002:00001e48       ??_R4WindowsCondition@@6B@ 000000014000de48     daemon_cl.obj
 0002:00001e70       ??_R3WindowsCondition@@8   000000014000de70     daemon_cl.obj
 0002:00001e88       ??_R2WindowsCondition@@8   000000014000de88     daemon_cl.obj
 0002:00001ea0       ??_R1A@?0A@EA@WindowsCondition@@8 000000014000dea0     daemon_cl.obj
 0002:00001ec8       ??_R4WindowsLockFactory@@6B@ 000000014000dec8     daemon_cl.obj
 0002:00001ef0       ??_R3WindowsLockFactory@@8 000000014000def0     daemon_cl.obj
 0002:00001f08       ??_R2WindowsLockFactory@@8 000000014000df08     daemon_cl.obj
 0002:00001f20       ??_R1A@?0A@EA@WindowsLockFactory@@8 000000014000df20     daemon_cl.obj
 0002:00001f48       ??_R4WindowsLock@@6B@      000000014000df48     daemon_cl.obj
 0002:00001f70       ??_R3WindowsLock@@8        000000014000df70     daemon_cl.obj
 0002:00001f88       ??_R2WindowsLock@@8        000000014000df88     daemon_cl.obj
 0002:00001fa0       ??_R1A@?0A@EA@WindowsLock@@8 000000014000dfa0     daemon_cl.obj
 0002:00001fc8       ??_R4WindowsPCAPNetworkInterfaceFactory@@6B@ 000000014000dfc8     daemon_cl.obj
 0002:00001ff0       ??_R3WindowsPCAPNetworkInterfaceFactory@@8 000000014000dff0     daemon_cl.obj
 0002:00002008       ??_R2WindowsPCAPNetworkInterfaceFactory@@8 000000014000e008     daemon_cl.obj
 0002:00002020       ??_R1A@?0A@EA@WindowsPCAPNetworkInterfaceFactory@@8 000000014000e020     daemon_cl.obj
 0002:00002048       ??_R4WindowsPCAPNetworkInterface@@6B@ 000000014000e048     daemon_cl.obj
 0002:00002070       ??_R3WindowsPCAPNetworkInterface@@8 000000014000e070     daemon_cl.obj
 0002:00002088       ??_R2WindowsPCAPNetworkInterface@@8 000000014000e088     daemon_cl.obj
 0002:000020a0       ??_R1A@?0A@EA@WindowsPCAPNetworkInterface@@8 000000014000e0a0     daemon_cl.obj
 0002:000020c8       ??_R3OS_IPC@@8             000000014000e0c8     daemon_cl.obj
 0002:000020e0       ??_R2OS_IPC@@8             000000014000e0e0     daemon_cl.obj
 0002:000020f0       ??_R1A@?0A@EA@OS_IPC@@8    000000014000e0f0     daemon_cl.obj
 0002:00002118       ??_R3OSTimerQueueFactory@@8 000000014000e118     daemon_cl.obj
 0002:00002130       ??_R2OSTimerQueueFactory@@8 000000014000e130     daemon_cl.obj
 0002:00002140       ??_R1A@?0A@EA@OSTimerQueueFactory@@8 000000014000e140     daemon_cl.obj
 0002:00002168       ??_R3OSTimerQueue@@8       000000014000e168     daemon_cl.obj
 0002:00002180       ??_R2OSTimerQueue@@8       000000014000e180     daemon_cl.obj
 0002:00002190       ??_R1A@?0A@EA@OSTimerQueue@@8 000000014000e190     daemon_cl.obj
 0002:000021b8       ??_R3OSConditionFactory@@8 000000014000e1b8     daemon_cl.obj
 0002:000021d0       ??_R2OSConditionFactory@@8 000000014000e1d0     daemon_cl.obj
 0002:000021e0       ??_R1A@?0A@EA@OSConditionFactory@@8 000000014000e1e0     daemon_cl.obj
 0002:00002208       ??_R3OSCondition@@8        000000014000e208     daemon_cl.obj
 0002:00002220       ??_R2OSCondition@@8        000000014000e220     daemon_cl.obj
 0002:00002230       ??_R1A@?0A@EA@OSCondition@@8 000000014000e230     daemon_cl.obj
 0002:00002258       ??_R3OSThreadFactory@@8    000000014000e258     daemon_cl.obj
 0002:00002270       ??_R2OSThreadFactory@@8    000000014000e270     daemon_cl.obj
 0002:00002280       ??_R1A@?0A@EA@OSThreadFactory@@8 000000014000e280     daemon_cl.obj
 0002:000022a8       ??_R3OSThread@@8           000000014000e2a8     daemon_cl.obj
 0002:000022c0       ??_R2OSThread@@8           000000014000e2c0     daemon_cl.obj
 0002:000022d0       ??_R1A@?0A@EA@OSThread@@8  000000014000e2d0     daemon_cl.obj
 0002:000022f8       ??_R3OSLockFactory@@8      000000014000e2f8     daemon_cl.obj
 0002:00002310       ??_R2OSLockFactory@@8      000000014000e310     daemon_cl.obj
 0002:00002320       ??_R1A@?0A@EA@OSLockFactory@@8 000000014000e320     daemon_cl.obj
 0002:00002348       ??_R3OSLock@@8             000000014000e348     daemon_cl.obj
 0002:00002360       ??_R2OSLock@@8             000000014000e360     daemon_cl.obj
 0002:00002370       ??_R1A@?0A@EA@OSLock@@8    000000014000e370     daemon_cl.obj
 0002:00002398       ??_R3OSTimerFactory@@8     000000014000e398     daemon_cl.obj
 0002:000023b0       ??_R2OSTimerFactory@@8     000000014000e3b0     daemon_cl.obj
 0002:000023c0       ??_R1A@?0A@EA@OSTimerFactory@@8 000000014000e3c0     daemon_cl.obj
 0002:000023e8       ??_R3OSTimer@@8            000000014000e3e8     daemon_cl.obj
 0002:00002400       ??_R2OSTimer@@8            000000014000e400     daemon_cl.obj
 0002:00002410       ??_R1A@?0A@EA@OSTimer@@8   000000014000e410     daemon_cl.obj
 0002:00002438       ??_R3OSNetworkInterfaceFactory@@8 000000014000e438     daemon_cl.obj
 0002:00002450       ??_R2OSNetworkInterfaceFactory@@8 000000014000e450     daemon_cl.obj
 0002:00002460       ??_R1A@?0A@EA@OSNetworkInterfaceFactory@@8 000000014000e460     daemon_cl.obj
 0002:00002488       ??_R3OSNetworkInterface@@8 000000014000e488     daemon_cl.obj
 0002:000024a0       ??_R2OSNetworkInterface@@8 000000014000e4a0     daemon_cl.obj
 0002:000024b0       ??_R1A@?0A@EA@OSNetworkInterface@@8 000000014000e4b0     daemon_cl.obj
 0002:000024d8       ??_R4HWTimestamper@@6B@    000000014000e4d8     daemon_cl.obj
 0002:00002500       ??_R3HWTimestamper@@8      000000014000e500     daemon_cl.obj
 0002:00002518       ??_R2HWTimestamper@@8      000000014000e518     daemon_cl.obj
 0002:00002528       ??_R1A@?0A@EA@HWTimestamper@@8 000000014000e528     daemon_cl.obj
 0002:00002550       __rtc_iaa                  000000014000e550     MSVCRT:_initsect_.obj
 0002:00002558       __rtc_izz                  000000014000e558     MSVCRT:_initsect_.obj
 0002:00002560       __rtc_taa                  000000014000e560     MSVCRT:_initsect_.obj
 0002:00002568       __rtc_tzz                  000000014000e568     MSVCRT:_initsect_.obj
 0002:00003750       _CT??_R0?AVbad_alloc@std@@@8??0bad_alloc@std@@QEAA@AEBV01@@Z24 000000014000f750     avbts_osnet.obj
 0002:00003778       _CT??_R0?AVexception@std@@@8??0exception@std@@QEAA@AEBV01@@Z24 000000014000f778     avbts_osnet.obj
 0002:000037a0       _CTA2?AVbad_alloc@std@@    000000014000f7a0     avbts_osnet.obj
 0002:000037b8       _TI2?AVbad_alloc@std@@     000000014000f7b8     avbts_osnet.obj
 0002:000037d4       __IMPORT_DESCRIPTOR_wpcap  000000014000f7d4     wpcap:wpcap.dll
 0002:000037e8       __IMPORT_DESCRIPTOR_IPHLPAPI 000000014000f7e8     Iphlpapi:IPHLPAPI.DLL
 0002:000037fc       __IMPORT_DESCRIPTOR_WS2_32 000000014000f7fc     ws2_32:WS2_32.dll
 0002:00003810       __IMPORT_DESCRIPTOR_KERNEL32 000000014000f810     kernel32:KERNEL32.dll
 0002:00003824       __IMPORT_DESCRIPTOR_MSVCP100 000000014000f824     msvcprt:MSVCP100.dll
 0002:00003838       __IMPORT_DESCRIPTOR_MSVCR100 000000014000f838     MSVCRT:MSVCR100.dll
 0002:0000384c       __NULL_IMPORT_DESCRIPTOR   000000014000f84c     wpcap:wpcap.dll
 0003:00000000       ??_R0?AVtype_info@@@8      0000000140011000     MSVCRT:ti_inst.obj
 0003:00000020       __security_cookie          0000000140011020     MSVCRT:gs_cookie.obj
 0003:00000028       __security_cookie_complement 0000000140011028     MSVCRT:gs_cookie.obj
 0003:00000030       __native_dllmain_reason    0000000140011030     MSVCRT:natstart.obj
 0003:00000034       __native_vcclrit_reason    0000000140011034     MSVCRT:natstart.obj
 0003:00000038       __globallocalestatus       0000000140011038     MSVCRT:xthdloc.obj
 0003:0000003c       __defaultmatherr           000000014001103c     MSVCRT:merr.obj
 0003:00000040       ??_R0?AVbad_alloc@std@@@8  0000000140011040     avbts_osnet.obj
 0003:00000068       ??_R0?AVexception@std@@@8  0000000140011068     avbts_osnet.obj
 0003:00000090       ??_R0?AVInterfaceLabel@@@8 0000000140011090     ieee1588port.obj
 0003:000000b8       ??_R0?AVLinkLayerAddress@@@8 00000001400110b8     ieee1588port.obj
 0003:000000e0       ??_R0?AVPTPMessageFollowUp@@@8 00000001400110e0     ptp_message.obj
 0003:00000110       ??_R0?AVPTPMessagePathDelayRespFollowUp@@@8 0000000140011110     ptp_message.obj
 0003:00000148       ??_R0?AVPTPMessagePathDelayResp@@@8 0000000140011148     ptp_message.obj
 0003:00000178       ??_R0?AVPTPMessagePathDelayReq@@@8 0000000140011178     ptp_message.obj
 0003:000001a8       ??_R0?AVPTPMessageAnnounce@@@8 00000001400111a8     ptp_message.obj
 0003:000001d8       ??_R0?AVPTPMessageSync@@@8 00000001400111d8     ptp_message.obj
 0003:00000200       ??_R0?AVPTPMessageCommon@@@8 0000000140011200     ptp_message.obj
 0003:00000228       ??_R0?AVWindowsNamedPipeIPC@@@8 0000000140011228     daemon_cl.obj
 0003:00000258       ??_R0?AVWindowsTimestamper@@@8 0000000140011258     daemon_cl.obj
 0003:00000288       ??_R0?AVWindowsThreadFactory@@@8 0000000140011288     daemon_cl.obj
 0003:000002b8       ??_R0?AVWindowsThread@@@8  00000001400112b8     daemon_cl.obj
 0003:000002e0       ??_R0?AVWindowsTimerFactory@@@8 00000001400112e0     daemon_cl.obj
 0003:00000310       ??_R0?AVWindowsTimer@@@8   0000000140011310     daemon_cl.obj
 0003:00000338       ??_R0?AVWindowsTimerQueueFactory@@@8 0000000140011338     daemon_cl.obj
 0003:00000368       ??_R0?AVWindowsTimerQueue@@@8 0000000140011368     daemon_cl.obj
 0003:00000390       ??_R0?AVWindowsConditionFactory@@@8 0000000140011390     daemon_cl.obj
 0003:000003c0       ??_R0?AVWindowsCondition@@@8 00000001400113c0     daemon_cl.obj
 0003:000003e8       ??_R0?AVWindowsLockFactory@@@8 00000001400113e8     daemon_cl.obj
 0003:00000418       ??_R0?AVWindowsLock@@@8    0000000140011418     daemon_cl.obj
 0003:00000440       ??_R0?AVWindowsPCAPNetworkInterfaceFactory@@@8 0000000140011440     daemon_cl.obj
 0003:00000480       ??_R0?AVWindowsPCAPNetworkInterface@@@8 0000000140011480     daemon_cl.obj
 0003:000004b8       ??_R0?AVOS_IPC@@@8         00000001400114b8     daemon_cl.obj
 0003:000004d8       ??_R0?AVOSTimerQueueFactory@@@8 00000001400114d8     daemon_cl.obj
 0003:00000508       ??_R0?AVOSTimerQueue@@@8   0000000140011508     daemon_cl.obj
 0003:00000530       ??_R0?AVOSConditionFactory@@@8 0000000140011530     daemon_cl.obj
 0003:00000560       ??_R0?AVOSCondition@@@8    0000000140011560     daemon_cl.obj
 0003:00000588       ??_R0?AVOSThreadFactory@@@8 0000000140011588     daemon_cl.obj
 0003:000005b0       ??_R0?AVOSThread@@@8       00000001400115b0     daemon_cl.obj
 0003:000005d0       ??_R0?AVOSLockFactory@@@8  00000001400115d0     daemon_cl.obj
 0003:000005f8       ??_R0?AVOSLock@@@8         00000001400115f8     daemon_cl.obj
 0003:00000618       ??_R0?AVOSTimerFactory@@@8 0000000140011618     daemon_cl.obj
 0003:00000640       ??_R0?AVOSTimer@@@8        0000000140011640     daemon_cl.obj
 0003:00000660       ??_R0?AVOSNetworkInterfaceFactory@@@8 0000000140011660     daemon_cl.obj
 0003:00000690       ??_R0?AVOSNetworkInterface@@@8 0000000140011690     daemon_cl.obj
 0003:000006c0       ??_R0?AVHWTimestamper@@@8  00000001400116c0     daemon_cl.obj
 0003:000006e8       ?other_multicast@IEEE1588Port@@0VLinkLayerAddress@@A 00000001400116e8     ieee1588port.obj
 0003:000006f8       ?pdelay_multicast@IEEE1588Port@@0VLinkLayerAddress@@A 00000001400116f8     ieee1588port.obj
 0003:00000710       _fltused                   0000000140011710     MSVCRT:dllsupp.obj
 0003:00000cc0       _dowildcard                0000000140011cc0     MSVCRT:wildcard.obj
 0003:00000cc4       _newmode                   0000000140011cc4     MSVCRT:_newmode.obj
 0003:00000cc8       _commode                   0000000140011cc8     MSVCRT:xncommod.obj
 0003:00000ccc       _fmode                     0000000140011ccc     MSVCRT:xtxtmode.obj
 0003:00000cd8       ?factoryMap@OSNetworkInterfaceFactory@@0V?$map@Vfactory_name_t@@PEAVOSNetworkInterfaceFactory@@U?$less@Vfactory_name_t@@@std@@V?$allocator@U?$pair@$$CBVfactory_name_t@@PEAVOSNetworkInterfaceFactory@@@std@@@4@@std@@A 0000000140011cd8     avbts_osnet.obj
 0003:00000cf8       __native_startup_state     0000000140011cf8     <common>
 0003:00000d00       __native_startup_lock      0000000140011d00     <common>
 0003:00000d08       __dyn_tls_init_callback    0000000140011d08     <common>
 0003:00000d10       __onexitend                0000000140011d10     <common>
 0003:00000d18       __onexitbegin              0000000140011d18     <common>

 entry point at        0001:0000991c

 Static symbols

 0001:00009664       pre_cpp_init               000000014000a664 f   MSVCRT:crtexe.obj
 0001:000096cc       __tmainCRTStartup          000000014000a6cc f   MSVCRT:crtexe.obj
 0001:0000984c       pre_c_init                 000000014000a84c f   MSVCRT:crtexe.obj
 0001:00009f60       _onexit$fin$0              000000014000af60 f   MSVCRT:atonexit.obj
 0001:00009f7b       __tmainCRTStartup$filt$0   000000014000af7b f   MSVCRT:crtexe.obj
 0001:00009f99       ?filt$0@?0??__ArrayUnwind@@YAXPEAX_KHP6AX0@Z@Z@4HA 000000014000af99 f   MSVCRT:ehvecdtr.obj
 0001:00009fda       ?fin$0@?0???_M@YAXPEAX_KHP6AX0@Z@Z@4HA 000000014000afda f   MSVCRT:ehvecdtr.obj
 0001:0000a010       _IsNonwritableInCurrentImage$filt$0 000000014000b010 f   MSVCRT:pesect.obj
 0001:0000a040       ?catch$0@?0???$_Insert@V?$_List_const_iterator@V?$_List_val@PEAUWindowsTimerQueueHandlerArg@@V?$allocator@PEAUWindowsTimerQueueHandlerArg@@@std@@@std@@@std@@@?$list@PEAUWindowsTimerQueueHandlerArg@@V?$allocator@PEAUWindowsTimerQueueHandlerArg@@@std@@@std@@QEAAXV?$_List_const_iterator@V?$_List_val@PEAUWindowsTimerQueueHandlerArg@@V?$allocator@PEAUWindowsTimerQueueHandlerArg@@@std@@@std@@@1@00Uforward_iterator_tag@1@@Z@4HA 000000014000b040 f    CIL library: CIL module
 0001:0000a04f       __catch$??$_Insert@V?$_List_const_iterator@V?$_List_val@PEAUWindowsTimerQueueHandlerArg@@V?$allocator@PEAUWindowsTimerQueueHandlerArg@@@std@@@std@@@std@@@?$list@PEAUWindowsTimerQueueHandlerArg@@V?$allocator@PEAUWindowsTimerQueueHandlerArg@@@std@@@std@@QEAAXV?$_List_const_iterator@V?$_List_val@PEAUWindowsTimerQueueHandlerArg@@V?$allocator@PEAUWindowsTimerQueueHandlerArg@@@std@@@std@@@1@00Uforward_iterator_tag@1@@Z$0 000000014000b04f f    CIL library: CIL module
 0001:0000a0b0       ?dtor$0@?0???0?$list@PEAUWindowsTimerQueueHandlerArg@@V?$allocator@PEAUWindowsTimerQueueHandlerArg@@@std@@@std@@QEAA@AEBV01@@Z@4HA 000000014000b0b0 f    CIL library: CIL module
 0001:0000a0c0       ?catch$0@?0???0?$list@PEAUWindowsTimerQueueHandlerArg@@V?$allocator@PEAUWindowsTimerQueueHandlerArg@@@std@@@std@@QEAA@AEBV01@@Z@4HA 000000014000b0c0 f    CIL library: CIL module
 0001:0000a0cd       __catch$??0?$list@PEAUWindowsTimerQueueHandlerArg@@V?$allocator@PEAUWindowsTimerQueueHandlerArg@@@std@@@std@@QEAA@AEBV01@@Z$0 000000014000b0cd f    CIL library: CIL module
 0001:0000a0e0       ?catch$0@?0??_Buynode@?$_List_val@PEAUWindowsTimerQueueHandlerArg@@V?$allocator@PEAUWindowsTimerQueueHandlerArg@@@std@@@std@@QEAAPEAU_Node@?$_List_nod@PEAUWindowsTimerQueueHandlerArg@@V?$allocator@PEAUWindowsTimerQueueHandlerArg@@@std@@@2@PEAU342@0AEBQEAUWindowsTimerQueueHandlerArg@@@Z@4HA 000000014000b0e0 f    CIL library: CIL module
 0001:0000a0e0       ?catch$0@?0??_Buynode@?$_List_val@PEAVPTPMessageAnnounce@@V?$allocator@PEAVPTPMessageAnnounce@@@std@@@std@@QEAAPEAU_Node@?$_List_nod@PEAVPTPMessageAnnounce@@V?$allocator@PEAVPTPMessageAnnounce@@@std@@@2@PEAU342@0AEBQEAVPTPMessageAnnounce@@@Z@4HA 000000014000b0e0 f    CIL library: CIL module
 0001:0000a0ed       __catch$?_Buynode@?$_List_val@PEAVPTPMessageAnnounce@@V?$allocator@PEAVPTPMessageAnnounce@@@std@@@std@@QEAAPEAU_Node@?$_List_nod@PEAVPTPMessageAnnounce@@V?$allocator@PEAVPTPMessageAnnounce@@@std@@@2@PEAU342@0AEBQEAVPTPMessageAnnounce@@@Z$0 000000014000b0ed f    CIL library: CIL module
 0001:0000a0ed       __catch$?_Buynode@?$_List_val@PEAUWindowsTimerQueueHandlerArg@@V?$allocator@PEAUWindowsTimerQueueHandlerArg@@@std@@@std@@QEAAPEAU_Node@?$_List_nod@PEAUWindowsTimerQueueHandlerArg@@V?$allocator@PEAUWindowsTimerQueueHandlerArg@@@std@@@2@PEAU342@0AEBQEAUWindowsTimerQueueHandlerArg@@@Z$0 000000014000b0ed f    CIL library: CIL module
 0001:0000a110       ?dtor$0@?0???0PTPMessagePathDelayResp@@QEAA@PEAVIEEE1588Port@@@Z@4HA 000000014000b110 f    CIL library: CIL module
 0001:0000a110       ?dtor$0@?0???0PTPMessageAnnounce@@QEAA@PEAVIEEE1588Port@@@Z@4HA 000000014000b110 f    CIL library: CIL module
 0001:0000a110       ?dtor$0@?0???0PTPMessagePathDelayRespFollowUp@@QEAA@PEAVIEEE1588Port@@@Z@4HA 000000014000b110 f    CIL library: CIL module
 0001:0000a120       ?catch$0@?0???$_Buynode@U?$pair@$$CBVfactory_name_t@@PEAVOSNetworkInterfaceFactory@@@std@@@?$_Tree_val@V?$_Tmap_traits@Vfactory_name_t@@PEAVOSNetworkInterfaceFactory@@U?$less@Vfactory_name_t@@@std@@V?$allocator@U?$pair@$$CBVfactory_name_t@@PEAVOSNetworkInterfaceFactory@@@std@@@4@$0A@@std@@@std@@QEAAPEAU_Node@?$_Tree_nod@V?$_Tmap_traits@Vfactory_name_t@@PEAVOSNetworkInterfaceFactory@@U?$less@Vfactory_name_t@@@std@@V?$allocator@U?$pair@$$CBVfactory_name_t@@PEAVOSNetworkInterfaceFactory@@@std@@@4@$0A@@std@@@1@$$QEAU?$pair@$$CBVfactory_name_t@@PEAVOSNetworkInterfaceFactory@@@1@@Z@4HA 000000014000b120 f    CIL library: CIL module
 0001:0000a12d       __catch$??$_Buynode@U?$pair@$$CBVfactory_name_t@@PEAVOSNetworkInterfaceFactory@@@std@@@?$_Tree_val@V?$_Tmap_traits@Vfactory_name_t@@PEAVOSNetworkInterfaceFactory@@U?$less@Vfactory_name_t@@@std@@V?$allocator@U?$pair@$$CBVfactory_name_t@@PEAVOSNetworkInterfaceFactory@@@std@@@4@$0A@@std@@@std@@QEAAPEAU_Node@?$_Tree_nod@V?$_Tmap_traits@Vfactory_name_t@@PEAVOSNetworkInterfaceFactory@@U?$less@Vfactory_name_t@@@std@@V?$allocator@U?$pair@$$CBVfactory_name_t@@PEAVOSNetworkInterfaceFactory@@@std@@@4@$0A@@std@@@1@$$QEAU?$pair@$$CBVfactory_name_t@@PEAVOSNetworkInterfaceFactory@@@1@@Z$0 000000014000b12d f    CIL library: CIL module
 0001:0000a150       ?catch$0@?0???$_Buynode@U?$pair@$$CBVPortIdentity@@VLinkLayerAddress@@@std@@@?$_Tree_val@V?$_Tmap_traits@VPortIdentity@@VLinkLayerAddress@@U?$less@VPortIdentity@@@std@@V?$allocator@U?$pair@$$CBVPortIdentity@@VLinkLayerAddress@@@std@@@4@$0A@@std@@@std@@QEAAPEAU_Node@?$_Tree_nod@V?$_Tmap_traits@VPortIdentity@@VLinkLayerAddress@@U?$less@VPortIdentity@@@std@@V?$allocator@U?$pair@$$CBVPortIdentity@@VLinkLayerAddress@@@std@@@4@$0A@@std@@@1@$$QEAU?$pair@$$CBVPortIdentity@@VLinkLayerAddress@@@1@@Z@4HA 000000014000b150 f    CIL library: CIL module
 0001:0000a15d       __catch$??$_Buynode@U?$pair@$$CBVPortIdentity@@VLinkLayerAddress@@@std@@@?$_Tree_val@V?$_Tmap_traits@VPortIdentity@@VLinkLayerAddress@@U?$less@VPortIdentity@@@std@@V?$allocator@U?$pair@$$CBVPortIdentity@@VLinkLayerAddress@@@std@@@4@$0A@@std@@@std@@QEAAPEAU_Node@?$_Tree_nod@V?$_Tmap_traits@VPortIdentity@@VLinkLayerAddress@@U?$less@VPortIdentity@@@std@@V?$allocator@U?$pair@$$CBVPortIdentity@@VLinkLayerAddress@@@std@@@4@$0A@@std@@@1@$$QEAU?$pair@$$CBVPortIdentity@@VLinkLayerAddress@@@1@@Z$0 000000014000b15d f    CIL library: CIL module
 0001:0000a180       ?dtor$0@?0???$_Buynode@U?$pair@$$CBHUTimerQueue_t@@@std@@@?$_Tree_val@V?$_Tmap_traits@HUTimerQueue_t@@U?$less@H@std@@V?$allocator@U?$pair@$$CBHUTimerQueue_t@@@std@@@3@$0A@@std@@@std@@QEAAPEAU_Node@?$_Tree_nod@V?$_Tmap_traits@HUTimerQueue_t@@U?$less@H@std@@V?$allocator@U?$pair@$$CBHUTimerQueue_t@@@std@@@3@$0A@@std@@@1@$$QEAU?$pair@$$CBHUTimerQueue_t@@@1@@Z@4HA 000000014000b180 f    CIL library: CIL module
 0001:0000a1a0       ?catch$0@?0???$_Buynode@U?$pair@$$CBHUTimerQueue_t@@@std@@@?$_Tree_val@V?$_Tmap_traits@HUTimerQueue_t@@U?$less@H@std@@V?$allocator@U?$pair@$$CBHUTimerQueue_t@@@std@@@3@$0A@@std@@@std@@QEAAPEAU_Node@?$_Tree_nod@V?$_Tmap_traits@HUTimerQueue_t@@U?$less@H@std@@V?$allocator@U?$pair@$$CBHUTimerQueue_t@@@std@@@3@$0A@@std@@@1@$$QEAU?$pair@$$CBHUTimerQueue_t@@@1@@Z@4HA 000000014000b1a0 f    CIL library: CIL module
 0001:0000a1ad       __catch$??$_Buynode@U?$pair@$$CBHUTimerQueue_t@@@std@@@?$_Tree_val@V?$_Tmap_traits@HUTimerQueue_t@@U?$less@H@std@@V?$allocator@U?$pair@$$CBHUTimerQueue_t@@@std@@@3@$0A@@std@@@std@@QEAAPEAU_Node@?$_Tree_nod@V?$_Tmap_traits@HUTimerQueue_t@@U?$less@H@std@@V?$allocator@U?$pair@$$CBHUTimerQueue_t@@@std@@@3@$0A@@std@@@1@$$QEAU?$pair@$$CBHUTimerQueue_t@@@1@@Z$0 000000014000b1ad f    CIL library: CIL module
 0001:0000a1d0       ?dtor$1@?0???1?$map@HUTimerQueue_t@@U?$less@H@std@@V?$allocator@U?$pair@$$CBHUTimerQueue_t@@@std@@@3@@std@@QEAA@XZ@4HA 000000014000b1d0 f    CIL library: CIL module
 0001:0000a1d0       ?dtor$1@?0???1?$map@VPortIdentity@@VLinkLayerAddress@@U?$less@VPortIdentity@@@std@@V?$allocator@U?$pair@$$CBVPortIdentity@@VLinkLayerAddress@@@std@@@4@@std@@QEAA@XZ@4HA 000000014000b1d0 f    CIL library: CIL module
 0001:0000a1e0       ?dtor$0@?0???0WindowsTimerQueue@@IEAA@XZ@4HA 000000014000b1e0 f    CIL library: CIL module
 0001:0000a1f0       ?dtor$0@?0???A?$map@VPortIdentity@@VLinkLayerAddress@@U?$less@VPortIdentity@@@std@@V?$allocator@U?$pair@$$CBVPortIdentity@@VLinkLayerAddress@@@std@@@4@@std@@QEAAAEAVLinkLayerAddress@@AEBVPortIdentity@@@Z@4HA 000000014000b1f0 f    CIL library: CIL module
 0001:0000a200       ?dtor$1@?0???A?$map@VPortIdentity@@VLinkLayerAddress@@U?$less@VPortIdentity@@@std@@V?$allocator@U?$pair@$$CBVPortIdentity@@VLinkLayerAddress@@@std@@@4@@std@@QEAAAEAVLinkLayerAddress@@AEBVPortIdentity@@@Z@4HA 000000014000b200 f    CIL library: CIL module
 0001:0000a210       ?dtor$0@?0???0IEEE1588Port@@QEAA@PEAVIEEE1588Clock@@G_NPEAVHWTimestamper@@1HPEAVInterfaceLabel@@PEAVOSConditionFactory@@PEAVOSThreadFactory@@PEAVOSTimerFactory@@PEAVOSLockFactory@@@Z@4HA 000000014000b210 f    CIL library: CIL module
 0001:0000a220       ?dtor$1@?0???0IEEE1588Port@@QEAA@PEAVIEEE1588Clock@@G_NPEAVHWTimestamper@@1HPEAVInterfaceLabel@@PEAVOSConditionFactory@@PEAVOSThreadFactory@@PEAVOSTimerFactory@@PEAVOSLockFactory@@@Z@4HA 000000014000b220 f    CIL library: CIL module
 0001:0000a240       ?dtor$2@?0???0IEEE1588Port@@QEAA@PEAVIEEE1588Clock@@G_NPEAVHWTimestamper@@1HPEAVInterfaceLabel@@PEAVOSConditionFactory@@PEAVOSThreadFactory@@PEAVOSTimerFactory@@PEAVOSLockFactory@@@Z@4HA 000000014000b240 f    CIL library: CIL module
 0001:0000a260       ?dtor$0@?0???A?$map@HUTimerQueue_t@@U?$less@H@std@@V?$allocator@U?$pair@$$CBHUTimerQueue_t@@@std@@@3@@std@@QEAAAEAUTimerQueue_t@@AEBH@Z@4HA 000000014000b260 f    CIL library: CIL module
 0001:0000a270       ?dtor$1@?0???A?$map@HUTimerQueue_t@@U?$less@H@std@@V?$allocator@U?$pair@$$CBHUTimerQueue_t@@@std@@@3@@std@@QEAAAEAUTimerQueue_t@@AEBH@Z@4HA 000000014000b270 f    CIL library: CIL module
 0001:0000a280       ?dtor$0@?0??createOSTimerQueue@WindowsTimerQueueFactory@@UEAAPEAVOSTimerQueue@@XZ@4HA 000000014000b280 f    CIL library: CIL module
 0001:0000a290       ?dtor$8@?0??buildPTPMessage@@YAPEAVPTPMessageCommon@@PEADHPEAVLinkLayerAddress@@PEAVIEEE1588Port@@@Z@4HA 000000014000b290 f    CIL library: CIL module
 0001:0000a2a0       ?dtor$10@?0??buildPTPMessage@@YAPEAVPTPMessageCommon@@PEADHPEAVLinkLayerAddress@@PEAVIEEE1588Port@@@Z@4HA 000000014000b2a0 f    CIL library: CIL module
 0001:0000a2b0       ?dtor$0@?0??openPort@IEEE1588Port@@QEAAPEAXXZ@4HA 000000014000b2b0 f    CIL library: CIL module
 0001:0000a2c0       ?dtor$0@?0??processMessage@PTPMessagePathDelayReq@@UEAAXPEAVIEEE1588Port@@@Z@4HA 000000014000b2c0 f    CIL library: CIL module
 0001:0000a2d0       ?dtor$1@?0??processMessage@PTPMessagePathDelayReq@@UEAAXPEAVIEEE1588Port@@@Z@4HA 000000014000b2d0 f    CIL library: CIL module
 0001:0000a2e0       ?dtor$0@?0??sendPort@PTPMessagePathDelayReq@@QEAAXPEAVIEEE1588Port@@PEAVPortIdentity@@@Z@4HA 000000014000b2e0 f    CIL library: CIL module
 0001:0000a2e0       ?dtor$0@?0??sendPort@PTPMessagePathDelayResp@@QEAAXPEAVIEEE1588Port@@PEAVPortIdentity@@@Z@4HA 000000014000b2e0 f    CIL library: CIL module
 0001:0000a2e0       ?dtor$0@?0??sendPort@PTPMessagePathDelayRespFollowUp@@QEAAXPEAVIEEE1588Port@@PEAVPortIdentity@@@Z@4HA 000000014000b2e0 f    CIL library: CIL module
 0001:0000a2e0       ?dtor$0@?0??sendPort@PTPMessageAnnounce@@QEAAXPEAVIEEE1588Port@@PEAVPortIdentity@@@Z@4HA 000000014000b2e0 f    CIL library: CIL module
 0001:0000a2e0       ?dtor$0@?0??sendPort@PTPMessageFollowUp@@QEAAXPEAVIEEE1588Port@@PEAVPortIdentity@@@Z@4HA 000000014000b2e0 f    CIL library: CIL module
 0001:0000a2e0       ?dtor$0@?0??sendPort@PTPMessageSync@@QEAAXPEAVIEEE1588Port@@PEAVPortIdentity@@@Z@4HA 000000014000b2e0 f    CIL library: CIL module
 0001:0000a2f0       ?dtor$0@?0??processEvent@IEEE1588Port@@QEAAXW4Event@@@Z@4HA 000000014000b2f0 f    CIL library: CIL module
 0001:0000a300       ?dtor$1@?0??processEvent@IEEE1588Port@@QEAAXW4Event@@@Z@4HA 000000014000b300 f    CIL library: CIL module
 0001:0000a310       ?dtor$2@?0??processEvent@IEEE1588Port@@QEAAXW4Event@@@Z@4HA 000000014000b310 f    CIL library: CIL module
 0001:0000a320       ?dtor$3@?0??processEvent@IEEE1588Port@@QEAAXW4Event@@@Z@4HA 000000014000b320 f    CIL library: CIL module
 0001:0000a330       main$dtor$1                000000014000b330 f    CIL library: CIL module
 0001:0000a340       main$dtor$2                000000014000b340 f    CIL library: CIL module
 0001:0000a350       main$dtor$3                000000014000b350 f    CIL library: CIL module
 0001:0000a360       ?dtor$1@?0???__F?factoryMap@OSNetworkInterfaceFactory@@0V?$map@Vfactory_name_t@@PEAVOSNetworkInterfaceFactory@@U?$less@Vfactory_name_t@@@std@@V?$allocator@U?$pair@$$CBVfactory_name_t@@PEAVOSNetworkInterfaceFactory@@@std@@@4@@std@@A@@YAXXZ@4HA 000000014000b360 f    CIL library: CIL module
 0001:0000a370       ??__E?factoryMap@OSNetworkInterfaceFactory@@0V?$map@Vfactory_name_t@@PEAVOSNetworkInterfaceFactory@@U?$less@Vfactory_name_t@@@std@@V?$allocator@U?$pair@$$CBVfactory_name_t@@PEAVOSNetworkInterfaceFactory@@@std@@@4@@std@@A@@YAXXZ 000000014000b370 f    CIL library: CIL module
 0001:0000a390       ??__E?other_multicast@IEEE1588Port@@0VLinkLayerAddress@@A@@YAXXZ 000000014000b390 f    CIL library: CIL module
 0001:0000a3e0       ??__E?pdelay_multicast@IEEE1588Port@@0VLinkLayerAddress@@A@@YAXXZ 000000014000b3e0 f    CIL library: CIL module
 0001:0000a430       ??__F?factoryMap@OSNetworkInterfaceFactory@@0V?$map@Vfactory_name_t@@PEAVOSNetworkInterfaceFactory@@U?$less@Vfactory_name_t@@@std@@V?$allocator@U?$pair@$$CBVfactory_name_t@@PEAVOSNetworkInterfaceFactory@@@std@@@4@@std@@A@@YAXXZ 000000014000b430 f    CIL library: CIL module
 0001:0000a470       ??__F?other_multicast@IEEE1588Port@@0VLinkLayerAddress@@A@@YAXXZ 000000014000b470 f    CIL library: CIL module
 0001:0000a480       ??__F?pdelay_multicast@IEEE1588Port@@0VLinkLayerAddress@@A@@YAXXZ 000000014000b480 f    CIL library: CIL module
